../Drivers/BSP/Components/vl53l7cx/modules/vl53l7cx_api.c:23:16:_vl53l7cx_poll_for_answer	24	static
../Drivers/BSP/Components/vl53l7cx/modules/vl53l7cx_api.c:62:16:_vl53l7cx_poll_for_mcu_boot	24	static
../Drivers/BSP/Components/vl53l7cx/modules/vl53l7cx_api.c:92:16:_vl53l7cx_send_offset_data	432	static
../Drivers/BSP/Components/vl53l7cx/modules/vl53l7cx_api.c:162:16:_vl53l7cx_send_xtalk_data	304	static
../Drivers/BSP/Components/vl53l7cx/modules/vl53l7cx_api.c:217:9:vl53l7cx_is_alive	24	static
../Drivers/BSP/Components/vl53l7cx/modules/vl53l7cx_api.c:241:9:vl53l7cx_init	48	static
../Drivers/BSP/Components/vl53l7cx/modules/vl53l7cx_api.c:407:9:vl53l7cx_set_i2c_address	24	static
../Drivers/BSP/Components/vl53l7cx/modules/vl53l7cx_api.c:421:9:vl53l7cx_get_power_mode	24	static
../Drivers/BSP/Components/vl53l7cx/modules/vl53l7cx_api.c:450:9:vl53l7cx_set_power_mode	32	static
../Drivers/BSP/Components/vl53l7cx/modules/vl53l7cx_api.c:485:9:vl53l7cx_start_ranging	128	static
../Drivers/BSP/Components/vl53l7cx/modules/vl53l7cx_api.c:622:9:vl53l7cx_stop_ranging	32	static
../Drivers/BSP/Components/vl53l7cx/modules/vl53l7cx_api.c:676:9:vl53l7cx_check_data_ready	24	static
../Drivers/BSP/Components/vl53l7cx/modules/vl53l7cx_api.c:707:9:vl53l7cx_get_ranging_data	40	static
../Drivers/BSP/Components/vl53l7cx/modules/vl53l7cx_api.c:876:9:vl53l7cx_get_resolution	24	static
../Drivers/BSP/Components/vl53l7cx/modules/vl53l7cx_api.c:891:9:vl53l7cx_set_resolution	24	static
../Drivers/BSP/Components/vl53l7cx/modules/vl53l7cx_api.c:956:9:vl53l7cx_get_ranging_frequency_hz	24	static
../Drivers/BSP/Components/vl53l7cx/modules/vl53l7cx_api.c:969:9:vl53l7cx_set_ranging_frequency_hz	40	static
../Drivers/BSP/Components/vl53l7cx/modules/vl53l7cx_api.c:982:9:vl53l7cx_get_integration_time_ms	24	static
../Drivers/BSP/Components/vl53l7cx/modules/vl53l7cx_api.c:997:9:vl53l7cx_set_integration_time_ms	40	static
../Drivers/BSP/Components/vl53l7cx/modules/vl53l7cx_api.c:1021:9:vl53l7cx_get_sharpener_percent	24	static
../Drivers/BSP/Components/vl53l7cx/modules/vl53l7cx_api.c:1036:9:vl53l7cx_set_sharpener_percent	40	static
../Drivers/BSP/Components/vl53l7cx/modules/vl53l7cx_api.c:1058:9:vl53l7cx_get_target_order	24	static
../Drivers/BSP/Components/vl53l7cx/modules/vl53l7cx_api.c:1071:9:vl53l7cx_set_target_order	40	static
../Drivers/BSP/Components/vl53l7cx/modules/vl53l7cx_api.c:1091:9:vl53l7cx_get_ranging_mode	24	static
../Drivers/BSP/Components/vl53l7cx/modules/vl53l7cx_api.c:1112:9:vl53l7cx_set_ranging_mode	24	static
../Drivers/BSP/Components/vl53l7cx/modules/vl53l7cx_api.c:1151:9:vl53l7cx_enable_internal_cp	40	static
../Drivers/BSP/Components/vl53l7cx/modules/vl53l7cx_api.c:1169:9:vl53l7cx_disable_internal_cp	40	static
../Drivers/BSP/Components/vl53l7cx/modules/vl53l7cx_api.c:1188:9:vl53l7cx_dci_read_data	56	static
../Drivers/BSP/Components/vl53l7cx/modules/vl53l7cx_api.c:1234:9:vl53l7cx_dci_write_data	56	static
../Drivers/BSP/Components/vl53l7cx/modules/vl53l7cx_api.c:1289:9:vl53l7cx_dci_replace_data	32	static
