Archive member included to satisfy reference by file (symbol)

C:/ST/STM32CubeIDE_1.13.0/STM32CubeIDE/plugins/com.st.stm32cube.ide.mcu.externaltools.gnu-tools-for-stm32.11.3.rel1.win32_1.1.0.202305231506/tools/bin/../lib/gcc/arm-none-eabi/11.3.1/../../../../arm-none-eabi/lib/thumb/v7e-m+fp/hard\libc_nano.a(libc_a-exit.o)
                              C:/ST/STM32CubeIDE_1.13.0/STM32CubeIDE/plugins/com.st.stm32cube.ide.mcu.externaltools.gnu-tools-for-stm32.11.3.rel1.win32_1.1.0.202305231506/tools/bin/../lib/gcc/arm-none-eabi/11.3.1/../../../../arm-none-eabi/lib/thumb/v7e-m+fp/hard/crt0.o (exit)
C:/ST/STM32CubeIDE_1.13.0/STM32CubeIDE/plugins/com.st.stm32cube.ide.mcu.externaltools.gnu-tools-for-stm32.11.3.rel1.win32_1.1.0.202305231506/tools/bin/../lib/gcc/arm-none-eabi/11.3.1/../../../../arm-none-eabi/lib/thumb/v7e-m+fp/hard\libc_nano.a(libc_a-findfp.o)
                              C:/ST/STM32CubeIDE_1.13.0/STM32CubeIDE/plugins/com.st.stm32cube.ide.mcu.externaltools.gnu-tools-for-stm32.11.3.rel1.win32_1.1.0.202305231506/tools/bin/../lib/gcc/arm-none-eabi/11.3.1/../../../../arm-none-eabi/lib/thumb/v7e-m+fp/hard\libc_nano.a(libc_a-exit.o) (__stdio_exit_handler)
C:/ST/STM32CubeIDE_1.13.0/STM32CubeIDE/plugins/com.st.stm32cube.ide.mcu.externaltools.gnu-tools-for-stm32.11.3.rel1.win32_1.1.0.202305231506/tools/bin/../lib/gcc/arm-none-eabi/11.3.1/../../../../arm-none-eabi/lib/thumb/v7e-m+fp/hard\libc_nano.a(libc_a-fwalk.o)
                              C:/ST/STM32CubeIDE_1.13.0/STM32CubeIDE/plugins/com.st.stm32cube.ide.mcu.externaltools.gnu-tools-for-stm32.11.3.rel1.win32_1.1.0.202305231506/tools/bin/../lib/gcc/arm-none-eabi/11.3.1/../../../../arm-none-eabi/lib/thumb/v7e-m+fp/hard\libc_nano.a(libc_a-findfp.o) (_fwalk_sglue)
C:/ST/STM32CubeIDE_1.13.0/STM32CubeIDE/plugins/com.st.stm32cube.ide.mcu.externaltools.gnu-tools-for-stm32.11.3.rel1.win32_1.1.0.202305231506/tools/bin/../lib/gcc/arm-none-eabi/11.3.1/../../../../arm-none-eabi/lib/thumb/v7e-m+fp/hard\libc_nano.a(libc_a-printf.o)
                              ./TOF/App/app_tof.o (printf)
C:/ST/STM32CubeIDE_1.13.0/STM32CubeIDE/plugins/com.st.stm32cube.ide.mcu.externaltools.gnu-tools-for-stm32.11.3.rel1.win32_1.1.0.202305231506/tools/bin/../lib/gcc/arm-none-eabi/11.3.1/../../../../arm-none-eabi/lib/thumb/v7e-m+fp/hard\libc_nano.a(libc_a-putchar.o)
                              ./TOF/App/app_tof.o (putchar)
C:/ST/STM32CubeIDE_1.13.0/STM32CubeIDE/plugins/com.st.stm32cube.ide.mcu.externaltools.gnu-tools-for-stm32.11.3.rel1.win32_1.1.0.202305231506/tools/bin/../lib/gcc/arm-none-eabi/11.3.1/../../../../arm-none-eabi/lib/thumb/v7e-m+fp/hard\libc_nano.a(libc_a-puts.o)
                              ./TOF/App/app_tof.o (puts)
C:/ST/STM32CubeIDE_1.13.0/STM32CubeIDE/plugins/com.st.stm32cube.ide.mcu.externaltools.gnu-tools-for-stm32.11.3.rel1.win32_1.1.0.202305231506/tools/bin/../lib/gcc/arm-none-eabi/11.3.1/../../../../arm-none-eabi/lib/thumb/v7e-m+fp/hard\libc_nano.a(libc_a-stdio.o)
                              C:/ST/STM32CubeIDE_1.13.0/STM32CubeIDE/plugins/com.st.stm32cube.ide.mcu.externaltools.gnu-tools-for-stm32.11.3.rel1.win32_1.1.0.202305231506/tools/bin/../lib/gcc/arm-none-eabi/11.3.1/../../../../arm-none-eabi/lib/thumb/v7e-m+fp/hard\libc_nano.a(libc_a-findfp.o) (__sread)
C:/ST/STM32CubeIDE_1.13.0/STM32CubeIDE/plugins/com.st.stm32cube.ide.mcu.externaltools.gnu-tools-for-stm32.11.3.rel1.win32_1.1.0.202305231506/tools/bin/../lib/gcc/arm-none-eabi/11.3.1/../../../../arm-none-eabi/lib/thumb/v7e-m+fp/hard\libc_nano.a(libc_a-wbuf.o)
                              C:/ST/STM32CubeIDE_1.13.0/STM32CubeIDE/plugins/com.st.stm32cube.ide.mcu.externaltools.gnu-tools-for-stm32.11.3.rel1.win32_1.1.0.202305231506/tools/bin/../lib/gcc/arm-none-eabi/11.3.1/../../../../arm-none-eabi/lib/thumb/v7e-m+fp/hard\libc_nano.a(libc_a-puts.o) (__swbuf_r)
C:/ST/STM32CubeIDE_1.13.0/STM32CubeIDE/plugins/com.st.stm32cube.ide.mcu.externaltools.gnu-tools-for-stm32.11.3.rel1.win32_1.1.0.202305231506/tools/bin/../lib/gcc/arm-none-eabi/11.3.1/../../../../arm-none-eabi/lib/thumb/v7e-m+fp/hard\libc_nano.a(libc_a-wsetup.o)
                              C:/ST/STM32CubeIDE_1.13.0/STM32CubeIDE/plugins/com.st.stm32cube.ide.mcu.externaltools.gnu-tools-for-stm32.11.3.rel1.win32_1.1.0.202305231506/tools/bin/../lib/gcc/arm-none-eabi/11.3.1/../../../../arm-none-eabi/lib/thumb/v7e-m+fp/hard\libc_nano.a(libc_a-puts.o) (__swsetup_r)
C:/ST/STM32CubeIDE_1.13.0/STM32CubeIDE/plugins/com.st.stm32cube.ide.mcu.externaltools.gnu-tools-for-stm32.11.3.rel1.win32_1.1.0.202305231506/tools/bin/../lib/gcc/arm-none-eabi/11.3.1/../../../../arm-none-eabi/lib/thumb/v7e-m+fp/hard\libc_nano.a(libc_a-memset.o)
                              C:/ST/STM32CubeIDE_1.13.0/STM32CubeIDE/plugins/com.st.stm32cube.ide.mcu.externaltools.gnu-tools-for-stm32.11.3.rel1.win32_1.1.0.202305231506/tools/bin/../lib/gcc/arm-none-eabi/11.3.1/../../../../arm-none-eabi/lib/thumb/v7e-m+fp/hard/crt0.o (memset)
[...]
Memory Configuration

Name             Origin             Length             Attributes
RAM              0x0000000020000000 0x0000000000020000 xrw
FLASH            0x0000000008000000 0x0000000000080000 xr
*default*        0x0000000000000000 0xffffffffffffffff

Linker script and memory map

LOAD C:/ST/STM32CubeIDE_1.13.0/STM32CubeIDE/plugins/com.st.stm32cube.ide.mcu.externaltools.gnu-tools-for-stm32.11.3.rel1.win32_1.1.0.202305231506/tools/bin/../lib/gcc/arm-none-eabi/11.3.1/thumb/v7e-m+fp/hard/crti.o
LOAD C:/ST/STM32CubeIDE_1.13.0/STM32CubeIDE/plugins/com.st.stm32cube.ide.mcu.externaltools.gnu-tools-for-stm32.11.3.rel1.win32_1.1.0.202305231506/tools/bin/../lib/gcc/arm-none-eabi/11.3.1/thumb/v7e-m+fp/hard/crtbegin.o
LOAD C:/ST/STM32CubeIDE_1.13.0/STM32CubeIDE/plugins/com.st.stm32cube.ide.mcu.externaltools.gnu-tools-for-stm32.11.3.rel1.win32_1.1.0.202305231506/tools/bin/../lib/gcc/arm-none-eabi/11.3.1/../../../../arm-none-eabi/lib/thumb/v7e-m+fp/hard/crt0.o
LOAD ./Core/Src/main.o
LOAD ./Core/Src/stm32g4xx_hal_msp.o
LOAD ./Core/Src/stm32g4xx_it.o
LOAD ./Core/Src/stm32g4xx_nucleo_bus.o
LOAD ./Core/Src/syscalls.o
LOAD ./Core/Src/sysmem.o
LOAD ./Core/Src/system_stm32g4xx.o
LOAD ./Core/Startup/startup_stm32g474retx.o
LOAD ./Drivers/BSP/53L7A1/53l7a1_ranging_sensor.o
LOAD ./Drivers/BSP/Components/vl53l7cx/modules/vl53l7cx_api.o
LOAD ./Drivers/BSP/Components/vl53l7cx/modules/vl53l7cx_plugin_detection_thresholds.o
LOAD ./Drivers/BSP/Components/vl53l7cx/modules/vl53l7cx_plugin_motion_indicator.o
LOAD ./Drivers/BSP/Components/vl53l7cx/modules/vl53l7cx_plugin_xtalk.o
LOAD ./Drivers/BSP/Components/vl53l7cx/porting/platform.o
LOAD ./Drivers/BSP/Components/vl53l7cx/vl53l7cx.o
LOAD ./Drivers/BSP/STM32G4xx_Nucleo/stm32g4xx_nucleo.o
LOAD ./Drivers/STM32G4xx_HAL_Driver/Src/stm32g4xx_hal.o
LOAD ./Drivers/STM32G4xx_HAL_Driver/Src/stm32g4xx_hal_cortex.o
LOAD ./Drivers/STM32G4xx_HAL_Driver/Src/stm32g4xx_hal_dma.o
LOAD ./Drivers/STM32G4xx_HAL_Driver/Src/stm32g4xx_hal_dma_ex.o
LOAD ./Drivers/STM32G4xx_HAL_Driver/Src/stm32g4xx_hal_exti.o
LOAD ./Drivers/STM32G4xx_HAL_Driver/Src/stm32g4xx_hal_flash.o
LOAD ./Drivers/STM32G4xx_HAL_Driver/Src/stm32g4xx_hal_flash_ex.o
LOAD ./Drivers/STM32G4xx_HAL_Driver/Src/stm32g4xx_hal_flash_ramfunc.o
LOAD ./Drivers/STM32G4xx_HAL_Driver/Src/stm32g4xx_hal_gpio.o
LOAD ./Drivers/STM32G4xx_HAL_Driver/Src/stm32g4xx_hal_i2c.o
LOAD ./Drivers/STM32G4xx_HAL_Driver/Src/stm32g4xx_hal_i2c_ex.o
LOAD ./Drivers/STM32G4xx_HAL_Driver/Src/stm32g4xx_hal_pwr.o
LOAD ./Drivers/STM32G4xx_HAL_Driver/Src/stm32g4xx_hal_pwr_ex.o
LOAD ./Drivers/STM32G4xx_HAL_Driver/Src/stm32g4xx_hal_rcc.o
LOAD ./Drivers/STM32G4xx_HAL_Driver/Src/stm32g4xx_hal_rcc_ex.o
LOAD ./Drivers/STM32G4xx_HAL_Driver/Src/stm32g4xx_hal_tim.o
LOAD ./Drivers/STM32G4xx_HAL_Driver/Src/stm32g4xx_hal_tim_ex.o
LOAD ./Drivers/STM32G4xx_HAL_Driver/Src/stm32g4xx_hal_uart.o
LOAD ./Drivers/STM32G4xx_HAL_Driver/Src/stm32g4xx_hal_uart_ex.o
LOAD ./TOF/App/app_tof.o
LOAD ./TOF/Target/app_tof_pin_conf.o
START GROUP
LOAD C:/ST/STM32CubeIDE_1.13.0/STM32CubeIDE/plugins/com.st.stm32cube.ide.mcu.externaltools.gnu-tools-for-stm32.11.3.rel1.win32_1.1.0.202305231506/tools/bin/../lib/gcc/arm-none-eabi/11.3.1/../../../../arm-none-eabi/lib/thumb/v7e-m+fp/hard\libc_nano.a
LOAD C:/ST/STM32CubeIDE_1.13.0/STM32CubeIDE/plugins/com.st.stm32cube.ide.mcu.externaltools.gnu-tools-for-stm32.11.3.rel1.win32_1.1.0.202305231506/tools/bin/../lib/gcc/arm-none-eabi/11.3.1/../../../../arm-none-eabi/lib/thumb/v7e-m+fp/hard\libm.a
END GROUP
START GROUP
LOAD C:/ST/STM32CubeIDE_1.13.0/STM32CubeIDE/plugins/com.st.stm32cube.ide.mcu.externaltools.gnu-tools-for-stm32.11.3.rel1.win32_1.1.0.202305231506/tools/bin/../lib/gcc/arm-none-eabi/11.3.1/thumb/v7e-m+fp/hard\libgcc.a
LOAD C:/ST/STM32CubeIDE_1.13.0/STM32CubeIDE/plugins/com.st.stm32cube.ide.mcu.externaltools.gnu-tools-for-stm32.11.3.rel1.win32_1.1.0.202305231506/tools/bin/../lib/gcc/arm-none-eabi/11.3.1/../../../../arm-none-eabi/lib/thumb/v7e-m+fp/hard\libc_nano.a
END GROUP
START GROUP
LOAD C:/ST/STM32CubeIDE_1.13.0/STM32CubeIDE/plugins/com.st.stm32cube.ide.mcu.externaltools.gnu-tools-for-stm32.11.3.rel1.win32_1.1.0.202305231506/tools/bin/../lib/gcc/arm-none-eabi/11.3.1/thumb/v7e-m+fp/hard\libgcc.a
LOAD C:/ST/STM32CubeIDE_1.13.0/STM32CubeIDE/plugins/com.st.stm32cube.ide.mcu.externaltools.gnu-tools-for-stm32.11.3.rel1.win32_1.1.0.202305231506/tools/bin/../lib/gcc/arm-none-eabi/11.3.1/../../../../arm-none-eabi/lib/thumb/v7e-m+fp/hard\libc_nano.a
LOAD C:/ST/STM32CubeIDE_1.13.0/STM32CubeIDE/plugins/com.st.stm32cube.ide.mcu.externaltools.gnu-tools-for-stm32.11.3.rel1.win32_1.1.0.202305231506/tools/bin/../lib/gcc/arm-none-eabi/11.3.1/../../../../arm-none-eabi/lib/thumb/v7e-m+fp/hard\libnosys.a
END GROUP
START GROUP
LOAD C:/ST/STM32CubeIDE_1.13.0/STM32CubeIDE/plugins/com.st.stm32cube.ide.mcu.externaltools.gnu-tools-for-stm32.11.3.rel1.win32_1.1.0.202305231506/tools/bin/../lib/gcc/arm-none-eabi/11.3.1/thumb/v7e-m+fp/hard\libgcc.a
LOAD C:/ST/STM32CubeIDE_1.13.0/STM32CubeIDE/plugins/com.st.stm32cube.ide.mcu.externaltools.gnu-tools-for-stm32.11.3.rel1.win32_1.1.0.202305231506/tools/bin/../lib/gcc/arm-none-eabi/11.3.1/../../../../arm-none-eabi/lib/thumb/v7e-m+fp/hard\libc_nano.a
LOAD C:/ST/STM32CubeIDE_1.13.0/STM32CubeIDE/plugins/com.st.stm32cube.ide.mcu.externaltools.gnu-tools-for-stm32.11.3.rel1.win32_1.1.0.202305231506/tools/bin/../lib/gcc/arm-none-eabi/11.3.1/../../../../arm-none-eabi/lib/thumb/v7e-m+fp/hard\libnosys.a
END GROUP
LOAD C:/ST/STM32CubeIDE_1.13.0/STM32CubeIDE/plugins/com.st.stm32cube.ide.mcu.externaltools.gnu-tools-for-stm32.11.3.rel1.win32_1.1.0.202305231506/tools/bin/../lib/gcc/arm-none-eabi/11.3.1/thumb/v7e-m+fp/hard/crtend.o
LOAD C:/ST/STM32CubeIDE_1.13.0/STM32CubeIDE/plugins/com.st.stm32cube.ide.mcu.externaltools.gnu-tools-for-stm32.11.3.rel1.win32_1.1.0.202305231506/tools/bin/../lib/gcc/arm-none-eabi/11.3.1/thumb/v7e-m+fp/hard/crtn.o
                0x0000000020020000                _estack = (ORIGIN (RAM) + LENGTH (RAM))
                0x0000000000000200                _Min_Heap_Size = 0x200
                0x0000000000000400                _Min_Stack_Size = 0x400

.isr_vector     0x0000000008000000      0x1d8
                0x0000000008000000                . = ALIGN (0x4)
 *(.isr_vector)
 .isr_vector    0x0000000008000000      0x1d8 ./Core/Startup/startup_stm32g474retx.o
                0x0000000008000000                g_pfnVectors
                0x00000000080001d8                . = ALIGN (0x4)

.text           0x00000000080001e0     0x8900
                0x00000000080001e0                . = ALIGN (0x4)
 *(.text)
 .text          0x00000000080001e0       0x40 C:/ST/STM32CubeIDE_1.13.0/STM32CubeIDE/plugins/com.st.stm32cube.ide.mcu.externaltools.gnu-tools-for-stm32.11.3.rel1.win32_1.1.0.202305231506/tools/bin/../lib/gcc/arm-none-eabi/11.3.1/thumb/v7e-m+fp/hard/crtbegin.o
 .text          0x0000000008000220       0xa0 C:/ST/STM32CubeIDE_1.13.0/STM32CubeIDE/plugins/com.st.stm32cube.ide.mcu.externaltools.gnu-tools-for-stm32.11.3.rel1.win32_1.1.0.202305231506/tools/bin/../lib/gcc/arm-none-eabi/11.3.1/../../../../arm-none-eabi/lib/thumb/v7e-m+fp/hard\libc_nano.a(libc_a-memchr.o)
                0x0000000008000220                memchr
 .text          0x00000000080002c0       0x30 C:/ST/STM32CubeIDE_1.13.0/STM32CubeIDE/plugins/com.st.stm32cube.ide.mcu.externaltools.gnu-tools-for-stm32.11.3.rel1.win32_1.1.0.202305231506/tools/bin/../lib/gcc/arm-none-eabi/11.3.1/thumb/v7e-m+fp/hard\libgcc.a(_aeabi_uldivmod.o)
                0x00000000080002c0                __aeabi_uldivmod
 .text          0x00000000080002f0      0x2c8 C:/ST/STM32CubeIDE_1.13.0/STM32CubeIDE/plugins/com.st.stm32cube.ide.mcu.externaltools.gnu-tools-for-stm32.11.3.rel1.win32_1.1.0.202305231506/tools/bin/../lib/gcc/arm-none-eabi/11.3.1/thumb/v7e-m+fp/hard\libgcc.a(_udivmoddi4.o)
                0x00000000080002f0                __udivmoddi4
 .text          0x00000000080005b8        0x4 C:/ST/STM32CubeIDE_1.13.0/STM32CubeIDE/plugins/com.st.stm32cube.ide.mcu.externaltools.gnu-tools-for-stm32.11.3.rel1.win32_1.1.0.202305231506/tools/bin/../lib/gcc/arm-none-eabi/11.3.1/thumb/v7e-m+fp/hard\libgcc.a(_dvmd_tls.o)
                0x00000000080005b8                __aeabi_idiv0
                0x00000000080005b8                __aeabi_ldiv0
 *(.text*)
 .text.main     0x00000000080005bc       0x1a ./Core/Src/main.o
                0x00000000080005bc                main
 .text.SystemClock_Config
                0x00000000080005d6       0x96 ./Core/Src/main.o
                0x00000000080005d6                SystemClock_Config
 .text.MX_GPIO_Init
                0x000000000800066c      0x144 ./Core/Src/main.o
 .text.Error_Handler
                0x00000000080007b0        0xa ./Core/Src/main.o
                0x00000000080007b0                Error_Handler
 *fill*         0x00000000080007ba        0x2 
 .text.HAL_MspInit
                0x00000000080007bc       0x48 ./Core/Src/stm32g4xx_hal_msp.o
                0x00000000080007bc                HAL_MspInit
 .text.NMI_Handler
                0x0000000008000804        0x6 ./Core/Src/stm32g4xx_it.o
                0x0000000008000804                NMI_Handler
 .text.HardFault_Handler
                0x000000000800080a        0x6 ./Core/Src/stm32g4xx_it.o
                0x000000000800080a                HardFault_Handler
 .text.MemManage_Handler
                0x0000000008000810        0x6 ./Core/Src/stm32g4xx_it.o
                0x0000000008000810                MemManage_Handler
 .text.BusFault_Handler
                0x0000000008000816        0x6 ./Core/Src/stm32g4xx_it.o
                0x0000000008000816                BusFault_Handler
 .text.UsageFault_Handler
                0x000000000800081c        0x6 ./Core/Src/stm32g4xx_it.o
                0x000000000800081c                UsageFault_Handler
 .text.SVC_Handler
                0x0000000008000822        0xe ./Core/Src/stm32g4xx_it.o
                0x0000000008000822                SVC_Handler
 .text.DebugMon_Handler
                0x0000000008000830        0xe ./Core/Src/stm32g4xx_it.o
                0x0000000008000830                DebugMon_Handler
 .text.PendSV_Handler
                0x000000000800083e        0xe ./Core/Src/stm32g4xx_it.o
                0x000000000800083e                PendSV_Handler
 .text.SysTick_Handler
                0x000000000800084c        0xc ./Core/Src/stm32g4xx_it.o
                0x000000000800084c                SysTick_Handler
 .text.EXTI4_IRQHandler
                0x0000000008000858        0xe ./Core/Src/stm32g4xx_it.o
                0x0000000008000858                EXTI4_IRQHandler
 *fill*         0x0000000008000866        0x2 
 .text.BSP_I2C1_Init
                0x0000000008000868       0x7c ./Core/Src/stm32g4xx_nucleo_bus.o
                0x0000000008000868                BSP_I2C1_Init
 .text.BSP_I2C1_DeInit
                0x00000000080008e4       0x50 ./Core/Src/stm32g4xx_nucleo_bus.o
                0x00000000080008e4                BSP_I2C1_DeInit
 .text.BSP_I2C1_WriteReg16
                0x0000000008000934       0x64 ./Core/Src/stm32g4xx_nucleo_bus.o
                0x0000000008000934                BSP_I2C1_WriteReg16
 .text.BSP_I2C1_ReadReg16
                0x0000000008000998       0x64 ./Core/Src/stm32g4xx_nucleo_bus.o
                0x0000000008000998                BSP_I2C1_ReadReg16
 .text.BSP_GetTick
                0x00000000080009fc        0xe ./Core/Src/stm32g4xx_nucleo_bus.o
                0x00000000080009fc                BSP_GetTick
 *fill*         0x0000000008000a0a        0x2 
 .text.MX_I2C1_Init
                0x0000000008000a0c       0x88 ./Core/Src/stm32g4xx_nucleo_bus.o
                0x0000000008000a0c                MX_I2C1_Init
 .text.I2C1_MspInit
                0x0000000008000a94       0xc8 ./Core/Src/stm32g4xx_nucleo_bus.o
 .text.I2C1_MspDeInit
                0x0000000008000b5c       0x38 ./Core/Src/stm32g4xx_nucleo_bus.o
 .text._read    0x0000000008000b94       0x3a ./Core/Src/syscalls.o
                0x0000000008000b94                _read
 .text._write   0x0000000008000bce       0x38 ./Core/Src/syscalls.o
                0x0000000008000bce                _write
 .text._close   0x0000000008000c06       0x18 ./Core/Src/syscalls.o
                0x0000000008000c06                _close
 .text._fstat   0x0000000008000c1e       0x20 ./Core/Src/syscalls.o
                0x0000000008000c1e                _fstat
 .text._isatty  0x0000000008000c3e       0x16 ./Core/Src/syscalls.o
                0x0000000008000c3e                _isatty
 .text._lseek   0x0000000008000c54       0x1a ./Core/Src/syscalls.o
                0x0000000008000c54                _lseek
 *fill*         0x0000000008000c6e        0x2 
 .text._sbrk    0x0000000008000c70       0x6c ./Core/Src/sysmem.o
                0x0000000008000c70                _sbrk
 .text.SystemInit
                0x0000000008000cdc       0x24 ./Core/Src/system_stm32g4xx.o
                0x0000000008000cdc                SystemInit
 .text.Reset_Handler
                0x0000000008000d00       0x50 ./Core/Startup/startup_stm32g474retx.o
                0x0000000008000d00                Reset_Handler
 .text.Default_Handler
                0x0000000008000d50        0x2 ./Core/Startup/startup_stm32g474retx.o
                0x0000000008000d50                RTC_Alarm_IRQHandler
                0x0000000008000d50                EXTI2_IRQHandler
                0x0000000008000d50                TIM8_TRG_COM_IRQHandler
                0x0000000008000d50                TIM8_CC_IRQHandler
                0x0000000008000d50                HRTIM1_Master_IRQHandler
                0x0000000008000d50                SPI4_IRQHandler
                0x0000000008000d50                FDCAN3_IT0_IRQHandler
                0x0000000008000d50                TIM1_CC_IRQHandler
                0x0000000008000d50                HRTIM1_FLT_IRQHandler
                0x0000000008000d50                HRTIM1_TIMF_IRQHandler
                0x0000000008000d50                USB_HP_IRQHandler
                0x0000000008000d50                CORDIC_IRQHandler
                0x0000000008000d50                HRTIM1_TIMD_IRQHandler
                0x0000000008000d50                DMA2_Channel8_IRQHandler
                0x0000000008000d50                EXTI3_IRQHandler
                0x0000000008000d50                I2C3_ER_IRQHandler
                0x0000000008000d50                EXTI0_IRQHandler
                0x0000000008000d50                I2C2_EV_IRQHandler
                0x0000000008000d50                FPU_IRQHandler
                0x0000000008000d50                FDCAN1_IT1_IRQHandler
                0x0000000008000d50                TIM1_UP_TIM16_IRQHandler
                0x0000000008000d50                ADC1_2_IRQHandler
                0x0000000008000d50                HRTIM1_TIME_IRQHandler
                0x0000000008000d50                SPI1_IRQHandler
                0x0000000008000d50                TIM6_DAC_IRQHandler
                0x0000000008000d50                HRTIM1_TIMC_IRQHandler
                0x0000000008000d50                TIM8_UP_IRQHandler
                0x0000000008000d50                DMA2_Channel2_IRQHandler
                0x0000000008000d50                DMA1_Channel4_IRQHandler
                0x0000000008000d50                TIM20_TRG_COM_IRQHandler
                0x0000000008000d50                USART3_IRQHandler
                0x0000000008000d50                DMA1_Channel7_IRQHandler
                0x0000000008000d50                UART5_IRQHandler
                0x0000000008000d50                ADC3_IRQHandler
                0x0000000008000d50                TIM4_IRQHandler
                0x0000000008000d50                DMA2_Channel1_IRQHandler
                0x0000000008000d50                QUADSPI_IRQHandler
                0x0000000008000d50                I2C1_EV_IRQHandler
                0x0000000008000d50                DMA1_Channel6_IRQHandler
                0x0000000008000d50                UART4_IRQHandler
                0x0000000008000d50                DMA2_Channel4_IRQHandler
                0x0000000008000d50                TIM3_IRQHandler
                0x0000000008000d50                RCC_IRQHandler
                0x0000000008000d50                TIM20_UP_IRQHandler
                0x0000000008000d50                DMA1_Channel1_IRQHandler
                0x0000000008000d50                Default_Handler
                0x0000000008000d50                DMA2_Channel7_IRQHandler
                0x0000000008000d50                RTC_TAMP_LSECSS_IRQHandler
                0x0000000008000d50                FMAC_IRQHandler
                0x0000000008000d50                EXTI15_10_IRQHandler
                0x0000000008000d50                DMA1_Channel8_IRQHandler
                0x0000000008000d50                HRTIM1_TIMA_IRQHandler
                0x0000000008000d50                TIM7_DAC_IRQHandler
                0x0000000008000d50                FDCAN3_IT1_IRQHandler
                0x0000000008000d50                TIM5_IRQHandler
                0x0000000008000d50                UCPD1_IRQHandler
                0x0000000008000d50                I2C3_EV_IRQHandler
                0x0000000008000d50                EXTI9_5_IRQHandler
                0x0000000008000d50                RTC_WKUP_IRQHandler
                0x0000000008000d50                PVD_PVM_IRQHandler
                0x0000000008000d50                SPI2_IRQHandler
                0x0000000008000d50                ADC5_IRQHandler
                0x0000000008000d50                DMA2_Channel5_IRQHandler
                0x0000000008000d50                CRS_IRQHandler
                0x0000000008000d50                DMA1_Channel5_IRQHandler
                0x0000000008000d50                USB_LP_IRQHandler
                0x0000000008000d50                RNG_IRQHandler
                0x0000000008000d50                HRTIM1_TIMB_IRQHandler
                0x0000000008000d50                TIM1_TRG_COM_TIM17_IRQHandler
                0x0000000008000d50                FDCAN2_IT1_IRQHandler
                0x0000000008000d50                DMA1_Channel3_IRQHandler
                0x0000000008000d50                ADC4_IRQHandler
                0x0000000008000d50                WWDG_IRQHandler
                0x0000000008000d50                I2C4_EV_IRQHandler
                0x0000000008000d50                FDCAN2_IT0_IRQHandler
                0x0000000008000d50                LPUART1_IRQHandler
                0x0000000008000d50                DMA2_Channel6_IRQHandler
                0x0000000008000d50                FDCAN1_IT0_IRQHandler
                0x0000000008000d50                TIM2_IRQHandler
                0x0000000008000d50                COMP7_IRQHandler
                0x0000000008000d50                COMP1_2_3_IRQHandler
                0x0000000008000d50                EXTI1_IRQHandler
                0x0000000008000d50                USART2_IRQHandler
                0x0000000008000d50                COMP4_5_6_IRQHandler
                0x0000000008000d50                TIM20_BRK_IRQHandler
                0x0000000008000d50                I2C2_ER_IRQHandler
                0x0000000008000d50                DMA1_Channel2_IRQHandler
                0x0000000008000d50                TIM8_BRK_IRQHandler
                0x0000000008000d50                FLASH_IRQHandler
                0x0000000008000d50                TIM20_CC_IRQHandler
                0x0000000008000d50                USART1_IRQHandler
                0x0000000008000d50                SPI3_IRQHandler
                0x0000000008000d50                I2C1_ER_IRQHandler
                0x0000000008000d50                FMC_IRQHandler
                0x0000000008000d50                LPTIM1_IRQHandler
                0x0000000008000d50                DMAMUX_OVR_IRQHandler
                0x0000000008000d50                I2C4_ER_IRQHandler
                0x0000000008000d50                USBWakeUp_IRQHandler
                0x0000000008000d50                SAI1_IRQHandler
                0x0000000008000d50                DMA2_Channel3_IRQHandler
                0x0000000008000d50                TIM1_BRK_TIM15_IRQHandler
 .text.VL53L7A1_RANGING_SENSOR_Init
                0x0000000008000d52       0x28 ./Drivers/BSP/53L7A1/53l7a1_ranging_sensor.o
                0x0000000008000d52                VL53L7A1_RANGING_SENSOR_Init
 *fill*         0x0000000008000d7a        0x2 
 .text.VL53L7A1_RANGING_SENSOR_ReadID
                0x0000000008000d7c       0x50 ./Drivers/BSP/53L7A1/53l7a1_ranging_sensor.o
                0x0000000008000d7c                VL53L7A1_RANGING_SENSOR_ReadID
 .text.VL53L7A1_RANGING_SENSOR_GetCapabilities
                0x0000000008000dcc       0x50 ./Drivers/BSP/53L7A1/53l7a1_ranging_sensor.o
                0x0000000008000dcc                VL53L7A1_RANGING_SENSOR_GetCapabilities
 .text.VL53L7A1_RANGING_SENSOR_ConfigProfile
                0x0000000008000e1c       0x50 ./Drivers/BSP/53L7A1/53l7a1_ranging_sensor.o
                0x0000000008000e1c                VL53L7A1_RANGING_SENSOR_ConfigProfile
 .text.VL53L7A1_RANGING_SENSOR_GetDistance
                0x0000000008000e6c       0x50 ./Drivers/BSP/53L7A1/53l7a1_ranging_sensor.o
                0x0000000008000e6c                VL53L7A1_RANGING_SENSOR_GetDistance
 .text.VL53L7A1_RANGING_SENSOR_Start
                0x0000000008000ebc       0x50 ./Drivers/BSP/53L7A1/53l7a1_ranging_sensor.o
                0x0000000008000ebc                VL53L7A1_RANGING_SENSOR_Start
 .text.VL53L7A1_RANGING_SENSOR_Stop
                0x0000000008000f0c       0x4c ./Drivers/BSP/53L7A1/53l7a1_ranging_sensor.o
                0x0000000008000f0c                VL53L7A1_RANGING_SENSOR_Stop
 .text.VL53L7CX_Probe
                0x0000000008000f58      0x118 ./Drivers/BSP/53L7A1/53l7a1_ranging_sensor.o
 .text._vl53l7cx_poll_for_answer
                0x0000000008001070       0xa0 ./Drivers/BSP/Components/vl53l7cx/modules/vl53l7cx_api.o
 .text._vl53l7cx_poll_for_mcu_boot
                0x0000000008001110       0x82 ./Drivers/BSP/Components/vl53l7cx/modules/vl53l7cx_api.o
 *fill*         0x0000000008001192        0x2 
 .text._vl53l7cx_send_offset_data
                0x0000000008001194      0x398 ./Drivers/BSP/Components/vl53l7cx/modules/vl53l7cx_api.o
 .text._vl53l7cx_send_xtalk_data
                0x000000000800152c      0x298 ./Drivers/BSP/Components/vl53l7cx/modules/vl53l7cx_api.o
 .text.vl53l7cx_init
                0x00000000080017c4      0x8d8 ./Drivers/BSP/Components/vl53l7cx/modules/vl53l7cx_api.o
                0x00000000080017c4                vl53l7cx_init
 .text.vl53l7cx_set_i2c_address
                0x000000000800209c       0x6c ./Drivers/BSP/Components/vl53l7cx/modules/vl53l7cx_api.o
                0x000000000800209c                vl53l7cx_set_i2c_address
 .text.vl53l7cx_get_power_mode
                0x0000000008002108       0x86 ./Drivers/BSP/Components/vl53l7cx/modules/vl53l7cx_api.o
                0x0000000008002108                vl53l7cx_get_power_mode
 .text.vl53l7cx_set_power_mode
                0x000000000800218e       0xfc ./Drivers/BSP/Components/vl53l7cx/modules/vl53l7cx_api.o
                0x000000000800218e                vl53l7cx_set_power_mode
 *fill*         0x000000000800228a        0x2 
 .text.vl53l7cx_start_ranging
                0x000000000800228c      0x2e8 ./Drivers/BSP/Components/vl53l7cx/modules/vl53l7cx_api.o
                0x000000000800228c                vl53l7cx_start_ranging
 .text.vl53l7cx_stop_ranging
                0x0000000008002574      0x1a0 ./Drivers/BSP/Components/vl53l7cx/modules/vl53l7cx_api.o
                0x0000000008002574                vl53l7cx_stop_ranging
 .text.vl53l7cx_check_data_ready
                0x0000000008002714       0xa0 ./Drivers/BSP/Components/vl53l7cx/modules/vl53l7cx_api.o
                0x0000000008002714                vl53l7cx_check_data_ready
 .text.vl53l7cx_get_ranging_data
                0x00000000080027b4      0x3ac ./Drivers/BSP/Components/vl53l7cx/modules/vl53l7cx_api.o
                0x00000000080027b4                vl53l7cx_get_ranging_data
 .text.vl53l7cx_get_resolution
                0x0000000008002b60       0x4a ./Drivers/BSP/Components/vl53l7cx/modules/vl53l7cx_api.o
                0x0000000008002b60                vl53l7cx_get_resolution
 .text.vl53l7cx_set_resolution
                0x0000000008002baa      0x1a8 ./Drivers/BSP/Components/vl53l7cx/modules/vl53l7cx_api.o
                0x0000000008002baa                vl53l7cx_set_resolution
 .text.vl53l7cx_set_ranging_frequency_hz
                0x0000000008002d52       0x42 ./Drivers/BSP/Components/vl53l7cx/modules/vl53l7cx_api.o
                0x0000000008002d52                vl53l7cx_set_ranging_frequency_hz
 .text.vl53l7cx_set_integration_time_ms
                0x0000000008002d94       0x6a ./Drivers/BSP/Components/vl53l7cx/modules/vl53l7cx_api.o
                0x0000000008002d94                vl53l7cx_set_integration_time_ms
 .text.vl53l7cx_set_ranging_mode
                0x0000000008002dfe       0xae ./Drivers/BSP/Components/vl53l7cx/modules/vl53l7cx_api.o
                0x0000000008002dfe                vl53l7cx_set_ranging_mode
 .text.vl53l7cx_dci_read_data
                0x0000000008002eac      0x114 ./Drivers/BSP/Components/vl53l7cx/modules/vl53l7cx_api.o
                0x0000000008002eac                vl53l7cx_dci_read_data
 .text.vl53l7cx_dci_write_data
                0x0000000008002fc0      0x13c ./Drivers/BSP/Components/vl53l7cx/modules/vl53l7cx_api.o
                0x0000000008002fc0                vl53l7cx_dci_write_data
 .text.vl53l7cx_dci_replace_data
                0x00000000080030fc       0x58 ./Drivers/BSP/Components/vl53l7cx/modules/vl53l7cx_api.o
                0x00000000080030fc                vl53l7cx_dci_replace_data
 .text.vl53l7cx_set_detection_thresholds_enable
                0x0000000008003154       0x8c ./Drivers/BSP/Components/vl53l7cx/modules/vl53l7cx_plugin_detection_thresholds.o
                0x0000000008003154                vl53l7cx_set_detection_thresholds_enable
 .text.vl53l7cx_set_detection_thresholds
                0x00000000080031e0      0x2b0 ./Drivers/BSP/Components/vl53l7cx/modules/vl53l7cx_plugin_detection_thresholds.o
                0x00000000080031e0                vl53l7cx_set_detection_thresholds
 .text.RdByte   0x0000000008003490       0x2a ./Drivers/BSP/Components/vl53l7cx/porting/platform.o
                0x0000000008003490                RdByte
 .text.WrByte   0x00000000080034ba       0x2c ./Drivers/BSP/Components/vl53l7cx/porting/platform.o
                0x00000000080034ba                WrByte
 .text.WrMulti  0x00000000080034e6       0x2e ./Drivers/BSP/Components/vl53l7cx/porting/platform.o
                0x00000000080034e6                WrMulti
 .text.RdMulti  0x0000000008003514       0x2e ./Drivers/BSP/Components/vl53l7cx/porting/platform.o
                0x0000000008003514                RdMulti
 .text.SwapBuffer
                0x0000000008003542       0x6c ./Drivers/BSP/Components/vl53l7cx/porting/platform.o
                0x0000000008003542                SwapBuffer
 .text.WaitMs   0x00000000080035ae       0x34 ./Drivers/BSP/Components/vl53l7cx/porting/platform.o
                0x00000000080035ae                WaitMs
 .text.VL53L7CX_RegisterBusIO
                0x00000000080035e2       0x90 ./Drivers/BSP/Components/vl53l7cx/vl53l7cx.o
                0x00000000080035e2                VL53L7CX_RegisterBusIO
 .text.VL53L7CX_Init
                0x0000000008003672       0x7e ./Drivers/BSP/Components/vl53l7cx/vl53l7cx.o
                0x0000000008003672                VL53L7CX_Init
 .text.VL53L7CX_DeInit
                0x00000000080036f0       0x52 ./Drivers/BSP/Components/vl53l7cx/vl53l7cx.o
                0x00000000080036f0                VL53L7CX_DeInit
 .text.VL53L7CX_ReadID
                0x0000000008003742       0xc0 ./Drivers/BSP/Components/vl53l7cx/vl53l7cx.o
                0x0000000008003742                VL53L7CX_ReadID
 .text.VL53L7CX_GetCapabilities
                0x0000000008003802       0x48 ./Drivers/BSP/Components/vl53l7cx/vl53l7cx.o
                0x0000000008003802                VL53L7CX_GetCapabilities
 *fill*         0x000000000800384a        0x2 
 .text.VL53L7CX_ConfigProfile
                0x000000000800384c      0x13c ./Drivers/BSP/Components/vl53l7cx/vl53l7cx.o
                0x000000000800384c                VL53L7CX_ConfigProfile
 .text.VL53L7CX_ConfigROI
                0x0000000008003988       0x1a ./Drivers/BSP/Components/vl53l7cx/vl53l7cx.o
                0x0000000008003988                VL53L7CX_ConfigROI
 *fill*         0x00000000080039a2        0x2 
 .text.VL53L7CX_ConfigIT
                0x00000000080039a4      0x170 ./Drivers/BSP/Components/vl53l7cx/vl53l7cx.o
                0x00000000080039a4                VL53L7CX_ConfigIT
 .text.VL53L7CX_GetDistance
                0x0000000008003b14       0x74 ./Drivers/BSP/Components/vl53l7cx/vl53l7cx.o
                0x0000000008003b14                VL53L7CX_GetDistance
 .text.VL53L7CX_Start
                0x0000000008003b88       0xbc ./Drivers/BSP/Components/vl53l7cx/vl53l7cx.o
                0x0000000008003b88                VL53L7CX_Start
 .text.VL53L7CX_Stop
                0x0000000008003c44       0x56 ./Drivers/BSP/Components/vl53l7cx/vl53l7cx.o
                0x0000000008003c44                VL53L7CX_Stop
 .text.VL53L7CX_SetAddress
                0x0000000008003c9a       0x50 ./Drivers/BSP/Components/vl53l7cx/vl53l7cx.o
                0x0000000008003c9a                VL53L7CX_SetAddress
 .text.VL53L7CX_GetAddress
                0x0000000008003cea       0x3a ./Drivers/BSP/Components/vl53l7cx/vl53l7cx.o
                0x0000000008003cea                VL53L7CX_GetAddress
 .text.VL53L7CX_SetPowerMode
                0x0000000008003d24       0x58 ./Drivers/BSP/Components/vl53l7cx/vl53l7cx.o
                0x0000000008003d24                VL53L7CX_SetPowerMode
 .text.VL53L7CX_GetPowerMode
                0x0000000008003d7c       0x58 ./Drivers/BSP/Components/vl53l7cx/vl53l7cx.o
                0x0000000008003d7c                VL53L7CX_GetPowerMode
 .text.vl53l7cx_poll_for_measurement
                0x0000000008003dd4       0x66 ./Drivers/BSP/Components/vl53l7cx/vl53l7cx.o
 *fill*         0x0000000008003e3a        0x2 
 .text.vl53l7cx_get_result
                0x0000000008003e3c      0x1cc ./Drivers/BSP/Components/vl53l7cx/vl53l7cx.o
 .text.vl53l7cx_map_target_status
                0x0000000008004008       0x3a ./Drivers/BSP/Components/vl53l7cx/vl53l7cx.o
 *fill*         0x0000000008004042        0x2 
 .text.BSP_PB_Init
                0x0000000008004044       0xa8 ./Drivers/BSP/STM32G4xx_Nucleo/stm32g4xx_nucleo.o
                0x0000000008004044                BSP_PB_Init
 .text.BUTTON_USER_EXTI_Callback
                0x00000000080040ec        0xe ./Drivers/BSP/STM32G4xx_Nucleo/stm32g4xx_nucleo.o
 *fill*         0x00000000080040fa        0x2 
 .text.BUTTON_USER_GPIO_Init
                0x00000000080040fc       0x74 ./Drivers/BSP/STM32G4xx_Nucleo/stm32g4xx_nucleo.o
 .text.BSP_COM_Init
                0x0000000008004170       0x7c ./Drivers/BSP/STM32G4xx_Nucleo/stm32g4xx_nucleo.o
                0x0000000008004170                BSP_COM_Init
 .text.MX_USART2_UART_Init
                0x00000000080041ec       0xa4 ./Drivers/BSP/STM32G4xx_Nucleo/stm32g4xx_nucleo.o
                0x00000000080041ec                MX_USART2_UART_Init
 .text.__io_putchar
                0x0000000008004290       0x38 ./Drivers/BSP/STM32G4xx_Nucleo/stm32g4xx_nucleo.o
                0x0000000008004290                __io_putchar
 .text.USART2_MspInit
                0x00000000080042c8       0xa8 ./Drivers/BSP/STM32G4xx_Nucleo/stm32g4xx_nucleo.o
 .text.HAL_Init
                0x0000000008004370       0x30 ./Drivers/STM32G4xx_HAL_Driver/Src/stm32g4xx_hal.o
                0x0000000008004370                HAL_Init
 .text.HAL_InitTick
                0x00000000080043a0       0x74 ./Drivers/STM32G4xx_HAL_Driver/Src/stm32g4xx_hal.o
                0x00000000080043a0                HAL_InitTick
 .text.HAL_IncTick
                0x0000000008004414       0x24 ./Drivers/STM32G4xx_HAL_Driver/Src/stm32g4xx_hal.o
                0x0000000008004414                HAL_IncTick
 .text.HAL_GetTick
                0x0000000008004438       0x18 ./Drivers/STM32G4xx_HAL_Driver/Src/stm32g4xx_hal.o
                0x0000000008004438                HAL_GetTick
 .text.HAL_Delay
                0x0000000008004450       0x44 ./Drivers/STM32G4xx_HAL_Driver/Src/stm32g4xx_hal.o
                0x0000000008004450                HAL_Delay
 .text.__NVIC_SetPriorityGrouping
                0x0000000008004494       0x48 ./Drivers/STM32G4xx_HAL_Driver/Src/stm32g4xx_hal_cortex.o
 .text.__NVIC_GetPriorityGrouping
                0x00000000080044dc       0x1c ./Drivers/STM32G4xx_HAL_Driver/Src/stm32g4xx_hal_cortex.o
 .text.__NVIC_EnableIRQ
                0x00000000080044f8       0x3c ./Drivers/STM32G4xx_HAL_Driver/Src/stm32g4xx_hal_cortex.o
 .text.__NVIC_SetPriority
                0x0000000008004534       0x54 ./Drivers/STM32G4xx_HAL_Driver/Src/stm32g4xx_hal_cortex.o
 .text.NVIC_EncodePriority
                0x0000000008004588       0x66 ./Drivers/STM32G4xx_HAL_Driver/Src/stm32g4xx_hal_cortex.o
 *fill*         0x00000000080045ee        0x2 
 .text.SysTick_Config
                0x00000000080045f0       0x44 ./Drivers/STM32G4xx_HAL_Driver/Src/stm32g4xx_hal_cortex.o
 .text.HAL_NVIC_SetPriorityGrouping
                0x0000000008004634       0x16 ./Drivers/STM32G4xx_HAL_Driver/Src/stm32g4xx_hal_cortex.o
                0x0000000008004634                HAL_NVIC_SetPriorityGrouping
 .text.HAL_NVIC_SetPriority
                0x000000000800464a       0x34 ./Drivers/STM32G4xx_HAL_Driver/Src/stm32g4xx_hal_cortex.o
                0x000000000800464a                HAL_NVIC_SetPriority
 .text.HAL_NVIC_EnableIRQ
                0x000000000800467e       0x1c ./Drivers/STM32G4xx_HAL_Driver/Src/stm32g4xx_hal_cortex.o
                0x000000000800467e                HAL_NVIC_EnableIRQ
 .text.HAL_SYSTICK_Config
                0x000000000800469a       0x18 ./Drivers/STM32G4xx_HAL_Driver/Src/stm32g4xx_hal_cortex.o
                0x000000000800469a                HAL_SYSTICK_Config
 .text.HAL_EXTI_RegisterCallback
                0x00000000080046b2       0x3a ./Drivers/STM32G4xx_HAL_Driver/Src/stm32g4xx_hal_exti.o
                0x00000000080046b2                HAL_EXTI_RegisterCallback
 .text.HAL_EXTI_GetHandle
                0x00000000080046ec       0x28 ./Drivers/STM32G4xx_HAL_Driver/Src/stm32g4xx_hal_exti.o
                0x00000000080046ec                HAL_EXTI_GetHandle
 .text.HAL_GPIO_Init
                0x0000000008004714      0x304 ./Drivers/STM32G4xx_HAL_Driver/Src/stm32g4xx_hal_gpio.o
                0x0000000008004714                HAL_GPIO_Init
 .text.HAL_GPIO_DeInit
                0x0000000008004a18      0x1c4 ./Drivers/STM32G4xx_HAL_Driver/Src/stm32g4xx_hal_gpio.o
                0x0000000008004a18                HAL_GPIO_DeInit
 .text.HAL_GPIO_WritePin
                0x0000000008004bdc       0x30 ./Drivers/STM32G4xx_HAL_Driver/Src/stm32g4xx_hal_gpio.o
                0x0000000008004bdc                HAL_GPIO_WritePin
 .text.HAL_GPIO_EXTI_IRQHandler
                0x0000000008004c0c       0x30 ./Drivers/STM32G4xx_HAL_Driver/Src/stm32g4xx_hal_gpio.o
                0x0000000008004c0c                HAL_GPIO_EXTI_IRQHandler
 .text.HAL_I2C_Init
                0x0000000008004c3c      0x11e ./Drivers/STM32G4xx_HAL_Driver/Src/stm32g4xx_hal_i2c.o
                0x0000000008004c3c                HAL_I2C_Init
 .text.HAL_I2C_DeInit
                0x0000000008004d5a       0x5e ./Drivers/STM32G4xx_HAL_Driver/Src/stm32g4xx_hal_i2c.o
                0x0000000008004d5a                HAL_I2C_DeInit
 .text.HAL_I2C_MspInit
                0x0000000008004db8       0x14 ./Drivers/STM32G4xx_HAL_Driver/Src/stm32g4xx_hal_i2c.o
                0x0000000008004db8                HAL_I2C_MspInit
 .text.HAL_I2C_MspDeInit
                0x0000000008004dcc       0x14 ./Drivers/STM32G4xx_HAL_Driver/Src/stm32g4xx_hal_i2c.o
                0x0000000008004dcc                HAL_I2C_MspDeInit
 .text.HAL_I2C_Mem_Write
                0x0000000008004de0      0x228 ./Drivers/STM32G4xx_HAL_Driver/Src/stm32g4xx_hal_i2c.o
                0x0000000008004de0                HAL_I2C_Mem_Write
 .text.HAL_I2C_Mem_Read
                0x0000000008005008      0x234 ./Drivers/STM32G4xx_HAL_Driver/Src/stm32g4xx_hal_i2c.o
                0x0000000008005008                HAL_I2C_Mem_Read
 .text.HAL_I2C_GetState
                0x000000000800523c       0x1c ./Drivers/STM32G4xx_HAL_Driver/Src/stm32g4xx_hal_i2c.o
                0x000000000800523c                HAL_I2C_GetState
 .text.HAL_I2C_GetError
                0x0000000008005258       0x18 ./Drivers/STM32G4xx_HAL_Driver/Src/stm32g4xx_hal_i2c.o
                0x0000000008005258                HAL_I2C_GetError
 .text.I2C_RequestMemoryWrite
                0x0000000008005270       0xa8 ./Drivers/STM32G4xx_HAL_Driver/Src/stm32g4xx_hal_i2c.o
 .text.I2C_RequestMemoryRead
                0x0000000008005318       0xa8 ./Drivers/STM32G4xx_HAL_Driver/Src/stm32g4xx_hal_i2c.o
 .text.I2C_Flush_TXDR
                0x00000000080053c0       0x48 ./Drivers/STM32G4xx_HAL_Driver/Src/stm32g4xx_hal_i2c.o
 .text.I2C_WaitOnFlagUntilTimeout
                0x0000000008005408       0x80 ./Drivers/STM32G4xx_HAL_Driver/Src/stm32g4xx_hal_i2c.o
 .text.I2C_WaitOnTXISFlagUntilTimeout
                0x0000000008005488       0x80 ./Drivers/STM32G4xx_HAL_Driver/Src/stm32g4xx_hal_i2c.o
 .text.I2C_WaitOnSTOPFlagUntilTimeout
                0x0000000008005508       0x78 ./Drivers/STM32G4xx_HAL_Driver/Src/stm32g4xx_hal_i2c.o
 .text.I2C_IsErrorOccurred
                0x0000000008005580      0x1d8 ./Drivers/STM32G4xx_HAL_Driver/Src/stm32g4xx_hal_i2c.o
 .text.I2C_TransferConfig
                0x0000000008005758       0x64 ./Drivers/STM32G4xx_HAL_Driver/Src/stm32g4xx_hal_i2c.o
 .text.HAL_I2CEx_ConfigAnalogFilter
                0x00000000080057bc       0x96 ./Drivers/STM32G4xx_HAL_Driver/Src/stm32g4xx_hal_i2c_ex.o
                0x00000000080057bc                HAL_I2CEx_ConfigAnalogFilter
 .text.HAL_I2CEx_ConfigDigitalFilter
                0x0000000008005852       0x98 ./Drivers/STM32G4xx_HAL_Driver/Src/stm32g4xx_hal_i2c_ex.o
                0x0000000008005852                HAL_I2CEx_ConfigDigitalFilter
 *fill*         0x00000000080058ea        0x2 
 .text.HAL_PWREx_ControlVoltageScaling
                0x00000000080058ec      0x148 ./Drivers/STM32G4xx_HAL_Driver/Src/stm32g4xx_hal_pwr_ex.o
                0x00000000080058ec                HAL_PWREx_ControlVoltageScaling
 .text.HAL_PWREx_DisableUCPDDeadBattery
                0x0000000008005a34       0x20 ./Drivers/STM32G4xx_HAL_Driver/Src/stm32g4xx_hal_pwr_ex.o
                0x0000000008005a34                HAL_PWREx_DisableUCPDDeadBattery
 .text.HAL_RCC_OscConfig
                0x0000000008005a54      0x630 ./Drivers/STM32G4xx_HAL_Driver/Src/stm32g4xx_hal_rcc.o
                0x0000000008005a54                HAL_RCC_OscConfig
 .text.HAL_RCC_ClockConfig
                0x0000000008006084      0x278 ./Drivers/STM32G4xx_HAL_Driver/Src/stm32g4xx_hal_rcc.o
                0x0000000008006084                HAL_RCC_ClockConfig
 .text.HAL_RCC_GetSysClockFreq
                0x00000000080062fc       0xc4 ./Drivers/STM32G4xx_HAL_Driver/Src/stm32g4xx_hal_rcc.o
                0x00000000080062fc                HAL_RCC_GetSysClockFreq
 .text.HAL_RCC_GetHCLKFreq
                0x00000000080063c0       0x18 ./Drivers/STM32G4xx_HAL_Driver/Src/stm32g4xx_hal_rcc.o
                0x00000000080063c0                HAL_RCC_GetHCLKFreq
 .text.HAL_RCC_GetPCLK1Freq
                0x00000000080063d8       0x2c ./Drivers/STM32G4xx_HAL_Driver/Src/stm32g4xx_hal_rcc.o
                0x00000000080063d8                HAL_RCC_GetPCLK1Freq
 .text.HAL_RCC_GetPCLK2Freq
                0x0000000008006404       0x2c ./Drivers/STM32G4xx_HAL_Driver/Src/stm32g4xx_hal_rcc.o
                0x0000000008006404                HAL_RCC_GetPCLK2Freq
 .text.RCC_GetSysClockFreqFromPLLSource
                0x0000000008006430       0x8c ./Drivers/STM32G4xx_HAL_Driver/Src/stm32g4xx_hal_rcc.o
 .text.HAL_RCCEx_PeriphCLKConfig
                0x00000000080064bc      0x49c ./Drivers/STM32G4xx_HAL_Driver/Src/stm32g4xx_hal_rcc_ex.o
                0x00000000080064bc                HAL_RCCEx_PeriphCLKConfig
 .text.HAL_UART_Init
                0x0000000008006958       0xa0 ./Drivers/STM32G4xx_HAL_Driver/Src/stm32g4xx_hal_uart.o
                0x0000000008006958                HAL_UART_Init
 .text.HAL_UART_MspInit
                0x00000000080069f8       0x14 ./Drivers/STM32G4xx_HAL_Driver/Src/stm32g4xx_hal_uart.o
                0x00000000080069f8                HAL_UART_MspInit
 .text.HAL_UART_Transmit
                0x0000000008006a0c      0x12c ./Drivers/STM32G4xx_HAL_Driver/Src/stm32g4xx_hal_uart.o
                0x0000000008006a0c                HAL_UART_Transmit
 .text.HAL_UART_Receive
                0x0000000008006b38      0x1a6 ./Drivers/STM32G4xx_HAL_Driver/Src/stm32g4xx_hal_uart.o
                0x0000000008006b38                HAL_UART_Receive
 *fill*         0x0000000008006cde        0x2 
 .text.UART_SetConfig
                0x0000000008006ce0      0x5f8 ./Drivers/STM32G4xx_HAL_Driver/Src/stm32g4xx_hal_uart.o
                0x0000000008006ce0                UART_SetConfig
 .text.UART_AdvFeatureConfig
                0x00000000080072d8      0x144 ./Drivers/STM32G4xx_HAL_Driver/Src/stm32g4xx_hal_uart.o
                0x00000000080072d8                UART_AdvFeatureConfig
 .text.UART_CheckIdleState
                0x000000000800741c       0x96 ./Drivers/STM32G4xx_HAL_Driver/Src/stm32g4xx_hal_uart.o
                0x000000000800741c                UART_CheckIdleState
 .text.UART_WaitOnFlagUntilTimeout
                0x00000000080074b2      0x190 ./Drivers/STM32G4xx_HAL_Driver/Src/stm32g4xx_hal_uart.o
                0x00000000080074b2                UART_WaitOnFlagUntilTimeout
 .text.HAL_UARTEx_DisableFifoMode
                0x0000000008007642       0x72 ./Drivers/STM32G4xx_HAL_Driver/Src/stm32g4xx_hal_uart_ex.o
                0x0000000008007642                HAL_UARTEx_DisableFifoMode
 .text.HAL_UARTEx_SetTxFifoThreshold
                0x00000000080076b4       0x7c ./Drivers/STM32G4xx_HAL_Driver/Src/stm32g4xx_hal_uart_ex.o
                0x00000000080076b4                HAL_UARTEx_SetTxFifoThreshold
 .text.HAL_UARTEx_SetRxFifoThreshold
                0x0000000008007730       0x7c ./Drivers/STM32G4xx_HAL_Driver/Src/stm32g4xx_hal_uart_ex.o
                0x0000000008007730                HAL_UARTEx_SetRxFifoThreshold
 .text.UARTEx_SetNbDataToProcess
                0x00000000080077ac       0x9c ./Drivers/STM32G4xx_HAL_Driver/Src/stm32g4xx_hal_uart_ex.o
 .text.MX_TOF_Init
                0x0000000008007848        0xc ./TOF/App/app_tof.o
                0x0000000008007848                MX_TOF_Init
 .text.MX_TOF_Process
                0x0000000008007854        0xc ./TOF/App/app_tof.o
                0x0000000008007854                MX_TOF_Process
 .text.MX_53L7A1_SimpleRanging_Init
                0x0000000008007860       0x44 ./TOF/App/app_tof.o
 .text.MX_53L7A1_SimpleRanging_Process
                0x00000000080078a4       0xac ./TOF/App/app_tof.o
 .text.print_result_simplified
                0x0000000008007950       0x48 ./TOF/App/app_tof.o
 .text.toggle_resolution
                0x0000000008007998       0x68 ./TOF/App/app_tof.o
 .text.toggle_signal_and_ambient
                0x0000000008007a00       0x4c ./TOF/App/app_tof.o
 .text.clear_screen
                0x0000000008007a4c       0x14 ./TOF/App/app_tof.o
 .text.handle_cmd
                0x0000000008007a60       0x40 ./TOF/App/app_tof.o
 .text.get_key  0x0000000008007aa0       0x28 ./TOF/App/app_tof.o
 .text.com_has_data
                0x0000000008007ac8       0x28 ./TOF/App/app_tof.o
 .text.BSP_PB_Callback
                0x0000000008007af0       0x20 ./TOF/App/app_tof.o
                0x0000000008007af0                BSP_PB_Callback
 .text.HAL_GPIO_EXTI_Callback
                0x0000000008007b10       0x28 ./TOF/Target/app_tof_pin_conf.o
                0x0000000008007b10                HAL_GPIO_EXTI_Callback
 .text.std      0x0000000008007b38       0x48 C:/ST/STM32CubeIDE_1.13.0/STM32CubeIDE/plugins/com.st.stm32cube.ide.mcu.externaltools.gnu-tools-for-stm32.11.3.rel1.win32_1.1.0.202305231506/tools/bin/../lib/gcc/arm-none-eabi/11.3.1/../../../../arm-none-eabi/lib/thumb/v7e-m+fp/hard\libc_nano.a(libc_a-findfp.o)
 .text.stdio_exit_handler
                0x0000000008007b80       0x18 C:/ST/STM32CubeIDE_1.13.0/STM32CubeIDE/plugins/com.st.stm32cube.ide.mcu.externaltools.gnu-tools-for-stm32.11.3.rel1.win32_1.1.0.202305231506/tools/bin/../lib/gcc/arm-none-eabi/11.3.1/../../../../arm-none-eabi/lib/thumb/v7e-m+fp/hard\libc_nano.a(libc_a-findfp.o)
 .text.cleanup_stdio
                0x0000000008007b98       0x40 C:/ST/STM32CubeIDE_1.13.0/STM32CubeIDE/plugins/com.st.stm32cube.ide.mcu.externaltools.gnu-tools-for-stm32.11.3.rel1.win32_1.1.0.202305231506/tools/bin/../lib/gcc/arm-none-eabi/11.3.1/../../../../arm-none-eabi/lib/thumb/v7e-m+fp/hard\libc_nano.a(libc_a-findfp.o)
 .text.global_stdio_init.part.0
                0x0000000008007bd8       0x3c C:/ST/STM32CubeIDE_1.13.0/STM32CubeIDE/plugins/com.st.stm32cube.ide.mcu.externaltools.gnu-tools-for-stm32.11.3.rel1.win32_1.1.0.202305231506/tools/bin/../lib/gcc/arm-none-eabi/11.3.1/../../../../arm-none-eabi/lib/thumb/v7e-m+fp/hard\libc_nano.a(libc_a-findfp.o)
 .text.__sfp_lock_acquire
                0x0000000008007c14        0xc C:/ST/STM32CubeIDE_1.13.0/STM32CubeIDE/plugins/com.st.stm32cube.ide.mcu.externaltools.gnu-tools-for-stm32.11.3.rel1.win32_1.1.0.202305231506/tools/bin/../lib/gcc/arm-none-eabi/11.3.1/../../../../arm-none-eabi/lib/thumb/v7e-m+fp/hard\libc_nano.a(libc_a-findfp.o)
                0x0000000008007c14                __sfp_lock_acquire
 .text.__sfp_lock_release
                0x0000000008007c20        0xc C:/ST/STM32CubeIDE_1.13.0/STM32CubeIDE/plugins/com.st.stm32cube.ide.mcu.externaltools.gnu-tools-for-stm32.11.3.rel1.win32_1.1.0.202305231506/tools/bin/../lib/gcc/arm-none-eabi/11.3.1/../../../../arm-none-eabi/lib/thumb/v7e-m+fp/hard\libc_nano.a(libc_a-findfp.o)
                0x0000000008007c20                __sfp_lock_release
 .text.__sinit  0x0000000008007c2c       0x30 C:/ST/STM32CubeIDE_1.13.0/STM32CubeIDE/plugins/com.st.stm32cube.ide.mcu.externaltools.gnu-tools-for-stm32.11.3.rel1.win32_1.1.0.202305231506/tools/bin/../lib/gcc/arm-none-eabi/11.3.1/../../../../arm-none-eabi/lib/thumb/v7e-m+fp/hard\libc_nano.a(libc_a-findfp.o)
                0x0000000008007c2c                __sinit
 .text._fwalk_sglue
                0x0000000008007c5c       0x3c C:/ST/STM32CubeIDE_1.13.0/STM32CubeIDE/plugins/com.st.stm32cube.ide.mcu.externaltools.gnu-tools-for-stm32.11.3.rel1.win32_1.1.0.202305231506/tools/bin/../lib/gcc/arm-none-eabi/11.3.1/../../../../arm-none-eabi/lib/thumb/v7e-m+fp/hard\libc_nano.a(libc_a-fwalk.o)
                0x0000000008007c5c                _fwalk_sglue
 .text.printf   0x0000000008007c98       0x24 C:/ST/STM32CubeIDE_1.13.0/STM32CubeIDE/plugins/com.st.stm32cube.ide.mcu.externaltools.gnu-tools-for-stm32.11.3.rel1.win32_1.1.0.202305231506/tools/bin/../lib/gcc/arm-none-eabi/11.3.1/../../../../arm-none-eabi/lib/thumb/v7e-m+fp/hard\libc_nano.a(libc_a-printf.o)
                0x0000000008007c98                iprintf
                0x0000000008007c98                printf
 .text.putchar  0x0000000008007cbc       0x10 C:/ST/STM32CubeIDE_1.13.0/STM32CubeIDE/plugins/com.st.stm32cube.ide.mcu.externaltools.gnu-tools-for-stm32.11.3.rel1.win32_1.1.0.202305231506/tools/bin/../lib/gcc/arm-none-eabi/11.3.1/../../../../arm-none-eabi/lib/thumb/v7e-m+fp/hard\libc_nano.a(libc_a-putchar.o)
                0x0000000008007cbc                putchar
 .text._puts_r  0x0000000008007ccc       0xa8 C:/ST/STM32CubeIDE_1.13.0/STM32CubeIDE/plugins/com.st.stm32cube.ide.mcu.externaltools.gnu-tools-for-stm32.11.3.rel1.win32_1.1.0.202305231506/tools/bin/../lib/gcc/arm-none-eabi/11.3.1/../../../../arm-none-eabi/lib/thumb/v7e-m+fp/hard\libc_nano.a(libc_a-puts.o)
                0x0000000008007ccc                _puts_r
 .text.puts     0x0000000008007d74       0x10 C:/ST/STM32CubeIDE_1.13.0/STM32CubeIDE/plugins/com.st.stm32cube.ide.mcu.externaltools.gnu-tools-for-stm32.11.3.rel1.win32_1.1.0.202305231506/tools/bin/../lib/gcc/arm-none-eabi/11.3.1/../../../../arm-none-eabi/lib/thumb/v7e-m+fp/hard\libc_nano.a(libc_a-puts.o)
                0x0000000008007d74                puts
 .text.__sread  0x0000000008007d84       0x22 C:/ST/STM32CubeIDE_1.13.0/STM32CubeIDE/plugins/com.st.stm32cube.ide.mcu.externaltools.gnu-tools-for-stm32.11.3.rel1.win32_1.1.0.202305231506/tools/bin/../lib/gcc/arm-none-eabi/11.3.1/../../../../arm-none-eabi/lib/thumb/v7e-m+fp/hard\libc_nano.a(libc_a-stdio.o)
                0x0000000008007d84                __sread
 .text.__swrite
                0x0000000008007da6       0x38 C:/ST/STM32CubeIDE_1.13.0/STM32CubeIDE/plugins/com.st.stm32cube.ide.mcu.externaltools.gnu-tools-for-stm32.11.3.rel1.win32_1.1.0.202305231506/tools/bin/../lib/gcc/arm-none-eabi/11.3.1/../../../../arm-none-eabi/lib/thumb/v7e-m+fp/hard\libc_nano.a(libc_a-stdio.o)
                0x0000000008007da6                __swrite
 .text.__sseek  0x0000000008007dde       0x24 C:/ST/STM32CubeIDE_1.13.0/STM32CubeIDE/plugins/com.st.stm32cube.ide.mcu.externaltools.gnu-tools-for-stm32.11.3.rel1.win32_1.1.0.202305231506/tools/bin/../lib/gcc/arm-none-eabi/11.3.1/../../../../arm-none-eabi/lib/thumb/v7e-m+fp/hard\libc_nano.a(libc_a-stdio.o)
                0x0000000008007dde                __sseek
 .text.__sclose
                0x0000000008007e02        0x8 C:/ST/STM32CubeIDE_1.13.0/STM32CubeIDE/plugins/com.st.stm32cube.ide.mcu.externaltools.gnu-tools-for-stm32.11.3.rel1.win32_1.1.0.202305231506/tools/bin/../lib/gcc/arm-none-eabi/11.3.1/../../../../arm-none-eabi/lib/thumb/v7e-m+fp/hard\libc_nano.a(libc_a-stdio.o)
                0x0000000008007e02                __sclose
 .text.__swbuf_r
                0x0000000008007e0a       0x7a C:/ST/STM32CubeIDE_1.13.0/STM32CubeIDE/plugins/com.st.stm32cube.ide.mcu.externaltools.gnu-tools-for-stm32.11.3.rel1.win32_1.1.0.202305231506/tools/bin/../lib/gcc/arm-none-eabi/11.3.1/../../../../arm-none-eabi/lib/thumb/v7e-m+fp/hard\libc_nano.a(libc_a-wbuf.o)
                0x0000000008007e0a                __swbuf_r
 .text.__swsetup_r
                0x0000000008007e84       0xb0 C:/ST/STM32CubeIDE_1.13.0/STM32CubeIDE/plugins/com.st.stm32cube.ide.mcu.externaltools.gnu-tools-for-stm32.11.3.rel1.win32_1.1.0.202305231506/tools/bin/../lib/gcc/arm-none-eabi/11.3.1/../../../../arm-none-eabi/lib/thumb/v7e-m+fp/hard\libc_nano.a(libc_a-wsetup.o)
                0x0000000008007e84                __swsetup_r
 .text.memset   0x0000000008007f34       0x10 C:/ST/STM32CubeIDE_1.13.0/STM32CubeIDE/plugins/com.st.stm32cube.ide.mcu.externaltools.gnu-tools-for-stm32.11.3.rel1.win32_1.1.0.202305231506/tools/bin/../lib/gcc/arm-none-eabi/11.3.1/../../../../arm-none-eabi/lib/thumb/v7e-m+fp/hard\libc_nano.a(libc_a-memset.o)
                0x0000000008007f34                memset
 .text._close_r
                0x0000000008007f44       0x20 C:/ST/STM32CubeIDE_1.13.0/STM32CubeIDE/plugins/com.st.stm32cube.ide.mcu.externaltools.gnu-tools-for-stm32.11.3.rel1.win32_1.1.0.202305231506/tools/bin/../lib/gcc/arm-none-eabi/11.3.1/../../../../arm-none-eabi/lib/thumb/v7e-m+fp/hard\libc_nano.a(libc_a-closer.o)
                0x0000000008007f44                _close_r
 .text._lseek_r
                0x0000000008007f64       0x24 C:/ST/STM32CubeIDE_1.13.0/STM32CubeIDE/plugins/com.st.stm32cube.ide.mcu.externaltools.gnu-tools-for-stm32.11.3.rel1.win32_1.1.0.202305231506/tools/bin/../lib/gcc/arm-none-eabi/11.3.1/../../../../arm-none-eabi/lib/thumb/v7e-m+fp/hard\libc_nano.a(libc_a-lseekr.o)
                0x0000000008007f64                _lseek_r
 .text._read_r  0x0000000008007f88       0x24 C:/ST/STM32CubeIDE_1.13.0/STM32CubeIDE/plugins/com.st.stm32cube.ide.mcu.externaltools.gnu-tools-for-stm32.11.3.rel1.win32_1.1.0.202305231506/tools/bin/../lib/gcc/arm-none-eabi/11.3.1/../../../../arm-none-eabi/lib/thumb/v7e-m+fp/hard\libc_nano.a(libc_a-readr.o)
                0x0000000008007f88                _read_r
 .text._write_r
                0x0000000008007fac       0x24 C:/ST/STM32CubeIDE_1.13.0/STM32CubeIDE/plugins/com.st.stm32cube.ide.mcu.externaltools.gnu-tools-for-stm32.11.3.rel1.win32_1.1.0.202305231506/tools/bin/../lib/gcc/arm-none-eabi/11.3.1/../../../../arm-none-eabi/lib/thumb/v7e-m+fp/hard\libc_nano.a(libc_a-writer.o)
                0x0000000008007fac                _write_r
 .text.__errno  0x0000000008007fd0        0xc C:/ST/STM32CubeIDE_1.13.0/STM32CubeIDE/plugins/com.st.stm32cube.ide.mcu.externaltools.gnu-tools-for-stm32.11.3.rel1.win32_1.1.0.202305231506/tools/bin/../lib/gcc/arm-none-eabi/11.3.1/../../../../arm-none-eabi/lib/thumb/v7e-m+fp/hard\libc_nano.a(libc_a-errno.o)
                0x0000000008007fd0                __errno
 .text.__libc_init_array
                0x0000000008007fdc       0x48 C:/ST/STM32CubeIDE_1.13.0/STM32CubeIDE/plugins/com.st.stm32cube.ide.mcu.externaltools.gnu-tools-for-stm32.11.3.rel1.win32_1.1.0.202305231506/tools/bin/../lib/gcc/arm-none-eabi/11.3.1/../../../../arm-none-eabi/lib/thumb/v7e-m+fp/hard\libc_nano.a(libc_a-init.o)
                0x0000000008007fdc                __libc_init_array
 .text.__retarget_lock_acquire_recursive
                0x0000000008008024        0x2 C:/ST/STM32CubeIDE_1.13.0/STM32CubeIDE/plugins/com.st.stm32cube.ide.mcu.externaltools.gnu-tools-for-stm32.11.3.rel1.win32_1.1.0.202305231506/tools/bin/../lib/gcc/arm-none-eabi/11.3.1/../../../../arm-none-eabi/lib/thumb/v7e-m+fp/hard\libc_nano.a(libc_a-lock.o)
                0x0000000008008024                __retarget_lock_acquire_recursive
 .text.__retarget_lock_release_recursive
                0x0000000008008026        0x2 C:/ST/STM32CubeIDE_1.13.0/STM32CubeIDE/plugins/com.st.stm32cube.ide.mcu.externaltools.gnu-tools-for-stm32.11.3.rel1.win32_1.1.0.202305231506/tools/bin/../lib/gcc/arm-none-eabi/11.3.1/../../../../arm-none-eabi/lib/thumb/v7e-m+fp/hard\libc_nano.a(libc_a-lock.o)
                0x0000000008008026                __retarget_lock_release_recursive
 .text.memcpy   0x0000000008008028       0x1c C:/ST/STM32CubeIDE_1.13.0/STM32CubeIDE/plugins/com.st.stm32cube.ide.mcu.externaltools.gnu-tools-for-stm32.11.3.rel1.win32_1.1.0.202305231506/tools/bin/../lib/gcc/arm-none-eabi/11.3.1/../../../../arm-none-eabi/lib/thumb/v7e-m+fp/hard\libc_nano.a(libc_a-memcpy-stub.o)
                0x0000000008008028                memcpy
 .text._free_r  0x0000000008008044       0x98 C:/ST/STM32CubeIDE_1.13.0/STM32CubeIDE/plugins/com.st.stm32cube.ide.mcu.externaltools.gnu-tools-for-stm32.11.3.rel1.win32_1.1.0.202305231506/tools/bin/../lib/gcc/arm-none-eabi/11.3.1/../../../../arm-none-eabi/lib/thumb/v7e-m+fp/hard\libc_nano.a(libc_a-freer.o)
                0x0000000008008044                _free_r
 .text.sbrk_aligned
                0x00000000080080dc       0x40 C:/ST/STM32CubeIDE_1.13.0/STM32CubeIDE/plugins/com.st.stm32cube.ide.mcu.externaltools.gnu-tools-for-stm32.11.3.rel1.win32_1.1.0.202305231506/tools/bin/../lib/gcc/arm-none-eabi/11.3.1/../../../../arm-none-eabi/lib/thumb/v7e-m+fp/hard\libc_nano.a(libc_a-mallocr.o)
 .text._malloc_r
                0x000000000800811c      0x100 C:/ST/STM32CubeIDE_1.13.0/STM32CubeIDE/plugins/com.st.stm32cube.ide.mcu.externaltools.gnu-tools-for-stm32.11.3.rel1.win32_1.1.0.202305231506/tools/bin/../lib/gcc/arm-none-eabi/11.3.1/../../../../arm-none-eabi/lib/thumb/v7e-m+fp/hard\libc_nano.a(libc_a-mallocr.o)
                0x000000000800811c                _malloc_r
 .text.__malloc_lock
                0x000000000800821c        0xc C:/ST/STM32CubeIDE_1.13.0/STM32CubeIDE/plugins/com.st.stm32cube.ide.mcu.externaltools.gnu-tools-for-stm32.11.3.rel1.win32_1.1.0.202305231506/tools/bin/../lib/gcc/arm-none-eabi/11.3.1/../../../../arm-none-eabi/lib/thumb/v7e-m+fp/hard\libc_nano.a(libc_a-mlock.o)
                0x000000000800821c                __malloc_lock
 .text.__malloc_unlock
                0x0000000008008228        0xc C:/ST/STM32CubeIDE_1.13.0/STM32CubeIDE/plugins/com.st.stm32cube.ide.mcu.externaltools.gnu-tools-for-stm32.11.3.rel1.win32_1.1.0.202305231506/tools/bin/../lib/gcc/arm-none-eabi/11.3.1/../../../../arm-none-eabi/lib/thumb/v7e-m+fp/hard\libc_nano.a(libc_a-mlock.o)
                0x0000000008008228                __malloc_unlock
 .text.__sfputc_r
                0x0000000008008234       0x2e C:/ST/STM32CubeIDE_1.13.0/STM32CubeIDE/plugins/com.st.stm32cube.ide.mcu.externaltools.gnu-tools-for-stm32.11.3.rel1.win32_1.1.0.202305231506/tools/bin/../lib/gcc/arm-none-eabi/11.3.1/../../../../arm-none-eabi/lib/thumb/v7e-m+fp/hard\libc_nano.a(libc_a-nano-vfprintf.o)
 .text.__sfputs_r
                0x0000000008008262       0x24 C:/ST/STM32CubeIDE_1.13.0/STM32CubeIDE/plugins/com.st.stm32cube.ide.mcu.externaltools.gnu-tools-for-stm32.11.3.rel1.win32_1.1.0.202305231506/tools/bin/../lib/gcc/arm-none-eabi/11.3.1/../../../../arm-none-eabi/lib/thumb/v7e-m+fp/hard\libc_nano.a(libc_a-nano-vfprintf.o)
                0x0000000008008262                __sfputs_r
 *fill*         0x0000000008008286        0x2 
 .text._vfprintf_r
                0x0000000008008288      0x234 C:/ST/STM32CubeIDE_1.13.0/STM32CubeIDE/plugins/com.st.stm32cube.ide.mcu.externaltools.gnu-tools-for-stm32.11.3.rel1.win32_1.1.0.202305231506/tools/bin/../lib/gcc/arm-none-eabi/11.3.1/../../../../arm-none-eabi/lib/thumb/v7e-m+fp/hard\libc_nano.a(libc_a-nano-vfprintf.o)
                0x0000000008008288                _vfprintf_r
                0x0000000008008288                _vfiprintf_r
 .text._printf_common
                0x00000000080084bc       0xda C:/ST/STM32CubeIDE_1.13.0/STM32CubeIDE/plugins/com.st.stm32cube.ide.mcu.externaltools.gnu-tools-for-stm32.11.3.rel1.win32_1.1.0.202305231506/tools/bin/../lib/gcc/arm-none-eabi/11.3.1/../../../../arm-none-eabi/lib/thumb/v7e-m+fp/hard\libc_nano.a(libc_a-nano-vfprintf_i.o)
                0x00000000080084bc                _printf_common
 *fill*         0x0000000008008596        0x2 
 .text._printf_i
                0x0000000008008598      0x244 C:/ST/STM32CubeIDE_1.13.0/STM32CubeIDE/plugins/com.st.stm32cube.ide.mcu.externaltools.gnu-tools-for-stm32.11.3.rel1.win32_1.1.0.202305231506/tools/bin/../lib/gcc/arm-none-eabi/11.3.1/../../../../arm-none-eabi/lib/thumb/v7e-m+fp/hard\libc_nano.a(libc_a-nano-vfprintf_i.o)
                0x0000000008008598                _printf_i
 .text.__sflush_r
                0x00000000080087dc      0x10c C:/ST/STM32CubeIDE_1.13.0/STM32CubeIDE/plugins/com.st.stm32cube.ide.mcu.externaltools.gnu-tools-for-stm32.11.3.rel1.win32_1.1.0.202305231506/tools/bin/../lib/gcc/arm-none-eabi/11.3.1/../../../../arm-none-eabi/lib/thumb/v7e-m+fp/hard\libc_nano.a(libc_a-fflush.o)
                0x00000000080087dc                __sflush_r
 .text._fflush_r
                0x00000000080088e8       0x50 C:/ST/STM32CubeIDE_1.13.0/STM32CubeIDE/plugins/com.st.stm32cube.ide.mcu.externaltools.gnu-tools-for-stm32.11.3.rel1.win32_1.1.0.202305231506/tools/bin/../lib/gcc/arm-none-eabi/11.3.1/../../../../arm-none-eabi/lib/thumb/v7e-m+fp/hard\libc_nano.a(libc_a-fflush.o)
                0x00000000080088e8                _fflush_r
 .text.__swhatbuf_r
                0x0000000008008938       0x4c C:/ST/STM32CubeIDE_1.13.0/STM32CubeIDE/plugins/com.st.stm32cube.ide.mcu.externaltools.gnu-tools-for-stm32.11.3.rel1.win32_1.1.0.202305231506/tools/bin/../lib/gcc/arm-none-eabi/11.3.1/../../../../arm-none-eabi/lib/thumb/v7e-m+fp/hard\libc_nano.a(libc_a-makebuf.o)
                0x0000000008008938                __swhatbuf_r
 .text.__smakebuf_r
                0x0000000008008984       0x78 C:/ST/STM32CubeIDE_1.13.0/STM32CubeIDE/plugins/com.st.stm32cube.ide.mcu.externaltools.gnu-tools-for-stm32.11.3.rel1.win32_1.1.0.202305231506/tools/bin/../lib/gcc/arm-none-eabi/11.3.1/../../../../arm-none-eabi/lib/thumb/v7e-m+fp/hard\libc_nano.a(libc_a-makebuf.o)
                0x0000000008008984                __smakebuf_r
 .text._putc_r  0x00000000080089fc       0x68 C:/ST/STM32CubeIDE_1.13.0/STM32CubeIDE/plugins/com.st.stm32cube.ide.mcu.externaltools.gnu-tools-for-stm32.11.3.rel1.win32_1.1.0.202305231506/tools/bin/../lib/gcc/arm-none-eabi/11.3.1/../../../../arm-none-eabi/lib/thumb/v7e-m+fp/hard\libc_nano.a(libc_a-putc.o)
                0x00000000080089fc                _putc_r
 .text._fstat_r
                0x0000000008008a64       0x24 C:/ST/STM32CubeIDE_1.13.0/STM32CubeIDE/plugins/com.st.stm32cube.ide.mcu.externaltools.gnu-tools-for-stm32.11.3.rel1.win32_1.1.0.202305231506/tools/bin/../lib/gcc/arm-none-eabi/11.3.1/../../../../arm-none-eabi/lib/thumb/v7e-m+fp/hard\libc_nano.a(libc_a-fstatr.o)
                0x0000000008008a64                _fstat_r
 .text._isatty_r
                0x0000000008008a88       0x20 C:/ST/STM32CubeIDE_1.13.0/STM32CubeIDE/plugins/com.st.stm32cube.ide.mcu.externaltools.gnu-tools-for-stm32.11.3.rel1.win32_1.1.0.202305231506/tools/bin/../lib/gcc/arm-none-eabi/11.3.1/../../../../arm-none-eabi/lib/thumb/v7e-m+fp/hard\libc_nano.a(libc_a-isattyr.o)
                0x0000000008008a88                _isatty_r
 .text._sbrk_r  0x0000000008008aa8       0x20 C:/ST/STM32CubeIDE_1.13.0/STM32CubeIDE/plugins/com.st.stm32cube.ide.mcu.externaltools.gnu-tools-for-stm32.11.3.rel1.win32_1.1.0.202305231506/tools/bin/../lib/gcc/arm-none-eabi/11.3.1/../../../../arm-none-eabi/lib/thumb/v7e-m+fp/hard\libc_nano.a(libc_a-sbrkr.o)
                0x0000000008008aa8                _sbrk_r
 *(.glue_7)
 .glue_7        0x0000000008008ac8        0x0 linker stubs
 *(.glue_7t)
 .glue_7t       0x0000000008008ac8        0x0 linker stubs
 *(.eh_frame)
 .eh_frame      0x0000000008008ac8        0x0 C:/ST/STM32CubeIDE_1.13.0/STM32CubeIDE/plugins/com.st.stm32cube.ide.mcu.externaltools.gnu-tools-for-stm32.11.3.rel1.win32_1.1.0.202305231506/tools/bin/../lib/gcc/arm-none-eabi/11.3.1/thumb/v7e-m+fp/hard/crtbegin.o
 *(.init)
 .init          0x0000000008008ac8        0x4 C:/ST/STM32CubeIDE_1.13.0/STM32CubeIDE/plugins/com.st.stm32cube.ide.mcu.externaltools.gnu-tools-for-stm32.11.3.rel1.win32_1.1.0.202305231506/tools/bin/../lib/gcc/arm-none-eabi/11.3.1/thumb/v7e-m+fp/hard/crti.o
                0x0000000008008ac8                _init
 .init          0x0000000008008acc        0x8 C:/ST/STM32CubeIDE_1.13.0/STM32CubeIDE/plugins/com.st.stm32cube.ide.mcu.externaltools.gnu-tools-for-stm32.11.3.rel1.win32_1.1.0.202305231506/tools/bin/../lib/gcc/arm-none-eabi/11.3.1/thumb/v7e-m+fp/hard/crtn.o
 *(.fini)
 .fini          0x0000000008008ad4        0x4 C:/ST/STM32CubeIDE_1.13.0/STM32CubeIDE/plugins/com.st.stm32cube.ide.mcu.externaltools.gnu-tools-for-stm32.11.3.rel1.win32_1.1.0.202305231506/tools/bin/../lib/gcc/arm-none-eabi/11.3.1/thumb/v7e-m+fp/hard/crti.o
                0x0000000008008ad4                _fini
 .fini          0x0000000008008ad8        0x8 C:/ST/STM32CubeIDE_1.13.0/STM32CubeIDE/plugins/com.st.stm32cube.ide.mcu.externaltools.gnu-tools-for-stm32.11.3.rel1.win32_1.1.0.202305231506/tools/bin/../lib/gcc/arm-none-eabi/11.3.1/thumb/v7e-m+fp/hard/crtn.o
                0x0000000008008ae0                . = ALIGN (0x4)
                0x0000000008008ae0                _etext = .

.vfp11_veneer   0x0000000008008ae0        0x0
 .vfp11_veneer  0x0000000008008ae0        0x0 linker stubs

.v4_bx          0x0000000008008ae0        0x0
 .v4_bx         0x0000000008008ae0        0x0 linker stubs

.iplt           0x0000000008008ae0        0x0
 .iplt          0x0000000008008ae0        0x0 C:/ST/STM32CubeIDE_1.13.0/STM32CubeIDE/plugins/com.st.stm32cube.ide.mcu.externaltools.gnu-tools-for-stm32.11.3.rel1.win32_1.1.0.202305231506/tools/bin/../lib/gcc/arm-none-eabi/11.3.1/thumb/v7e-m+fp/hard/crtbegin.o

.rodata         0x0000000008008ae0    0x15a98
                0x0000000008008ae0                . = ALIGN (0x4)
 *(.rodata)
 .rodata        0x0000000008008ae0       0x6c ./Drivers/BSP/Components/vl53l7cx/modules/vl53l7cx_api.o
 .rodata        0x0000000008008b4c        0x8 ./Drivers/BSP/Components/vl53l7cx/modules/vl53l7cx_plugin_detection_thresholds.o
 .rodata        0x0000000008008b54      0x2a4 ./TOF/App/app_tof.o
 *(.rodata*)
 .rodata.AHBPrescTable
                0x0000000008008df8       0x10 ./Core/Src/system_stm32g4xx.o
                0x0000000008008df8                AHBPrescTable
 .rodata.APBPrescTable
                0x0000000008008e08        0x8 ./Core/Src/system_stm32g4xx.o
                0x0000000008008e08                APBPrescTable
 .rodata.VL53L7CX_FIRMWARE
                0x0000000008008e10    0x15000 ./Drivers/BSP/Components/vl53l7cx/modules/vl53l7cx_api.o
                0x0000000008008e10                VL53L7CX_FIRMWARE
 .rodata.VL53L7CX_DEFAULT_CONFIGURATION
                0x000000000801de10      0x3cc ./Drivers/BSP/Components/vl53l7cx/modules/vl53l7cx_api.o
                0x000000000801de10                VL53L7CX_DEFAULT_CONFIGURATION
 .rodata.VL53L7CX_DEFAULT_XTALK
                0x000000000801e1dc      0x308 ./Drivers/BSP/Components/vl53l7cx/modules/vl53l7cx_api.o
                0x000000000801e1dc                VL53L7CX_DEFAULT_XTALK
 .rodata.VL53L7CX_GET_NVM_CMD
                0x000000000801e4e4       0x28 ./Drivers/BSP/Components/vl53l7cx/modules/vl53l7cx_api.o
                0x000000000801e4e4                VL53L7CX_GET_NVM_CMD
 .rodata.ButtonGpioInit.3
                0x000000000801e50c        0x4 ./Drivers/BSP/STM32G4xx_Nucleo/stm32g4xx_nucleo.o
 .rodata.BUTTON_EXTI_LINE.2
                0x000000000801e510        0x4 ./Drivers/BSP/STM32G4xx_Nucleo/stm32g4xx_nucleo.o
 .rodata.ButtonCallback.1
                0x000000000801e514        0x4 ./Drivers/BSP/STM32G4xx_Nucleo/stm32g4xx_nucleo.o
 .rodata.BSP_BUTTON_PRIO.0
                0x000000000801e518        0x4 ./Drivers/BSP/STM32G4xx_Nucleo/stm32g4xx_nucleo.o
 .rodata.UARTPrescTable
                0x000000000801e51c       0x18 ./Drivers/STM32G4xx_HAL_Driver/Src/stm32g4xx_hal_uart.o
                0x000000000801e51c                UARTPrescTable
 .rodata.numerator.1
                0x000000000801e534        0x8 ./Drivers/STM32G4xx_HAL_Driver/Src/stm32g4xx_hal_uart_ex.o
 .rodata.denominator.0
                0x000000000801e53c        0x8 ./Drivers/STM32G4xx_HAL_Driver/Src/stm32g4xx_hal_uart_ex.o
 .rodata._vfprintf_r.str1.1
                0x000000000801e544       0x11 C:/ST/STM32CubeIDE_1.13.0/STM32CubeIDE/plugins/com.st.stm32cube.ide.mcu.externaltools.gnu-tools-for-stm32.11.3.rel1.win32_1.1.0.202305231506/tools/bin/../lib/gcc/arm-none-eabi/11.3.1/../../../../arm-none-eabi/lib/thumb/v7e-m+fp/hard\libc_nano.a(libc_a-nano-vfprintf.o)
 .rodata._printf_i.str1.1
                0x000000000801e555       0x22 C:/ST/STM32CubeIDE_1.13.0/STM32CubeIDE/plugins/com.st.stm32cube.ide.mcu.externaltools.gnu-tools-for-stm32.11.3.rel1.win32_1.1.0.202305231506/tools/bin/../lib/gcc/arm-none-eabi/11.3.1/../../../../arm-none-eabi/lib/thumb/v7e-m+fp/hard\libc_nano.a(libc_a-nano-vfprintf_i.o)
                0x000000000801e578                . = ALIGN (0x4)
 *fill*         0x000000000801e577        0x1 

.ARM.extab      0x000000000801e578        0x0
                0x000000000801e578                . = ALIGN (0x4)
 *(.ARM.extab* .gnu.linkonce.armextab.*)
                0x000000000801e578                . = ALIGN (0x4)

.ARM            0x000000000801e578        0x8
                0x000000000801e578                . = ALIGN (0x4)
                0x000000000801e578                __exidx_start = .
 *(.ARM.exidx*)
 .ARM.exidx     0x000000000801e578        0x8 C:/ST/STM32CubeIDE_1.13.0/STM32CubeIDE/plugins/com.st.stm32cube.ide.mcu.externaltools.gnu-tools-for-stm32.11.3.rel1.win32_1.1.0.202305231506/tools/bin/../lib/gcc/arm-none-eabi/11.3.1/thumb/v7e-m+fp/hard\libgcc.a(_udivmoddi4.o)
                0x000000000801e580                __exidx_end = .
                0x000000000801e580                . = ALIGN (0x4)

.rel.dyn        0x000000000801e580        0x0
 .rel.iplt      0x000000000801e580        0x0 C:/ST/STM32CubeIDE_1.13.0/STM32CubeIDE/plugins/com.st.stm32cube.ide.mcu.externaltools.gnu-tools-for-stm32.11.3.rel1.win32_1.1.0.202305231506/tools/bin/../lib/gcc/arm-none-eabi/11.3.1/thumb/v7e-m+fp/hard/crtbegin.o

.preinit_array  0x000000000801e580        0x0
                0x000000000801e580                . = ALIGN (0x4)
                0x000000000801e580                PROVIDE (__preinit_array_start = .)
 *(.preinit_array*)
                0x000000000801e580                PROVIDE (__preinit_array_end = .)
                0x000000000801e580                . = ALIGN (0x4)

.init_array     0x000000000801e580        0x4
                0x000000000801e580                . = ALIGN (0x4)
                0x000000000801e580                PROVIDE (__init_array_start = .)
 *(SORT_BY_NAME(.init_array.*))
 *(.init_array*)
 .init_array    0x000000000801e580        0x4 C:/ST/STM32CubeIDE_1.13.0/STM32CubeIDE/plugins/com.st.stm32cube.ide.mcu.externaltools.gnu-tools-for-stm32.11.3.rel1.win32_1.1.0.202305231506/tools/bin/../lib/gcc/arm-none-eabi/11.3.1/thumb/v7e-m+fp/hard/crtbegin.o
                0x000000000801e584                PROVIDE (__init_array_end = .)
                0x000000000801e584                . = ALIGN (0x4)

.fini_array     0x000000000801e584        0x4
                0x000000000801e584                . = ALIGN (0x4)
                [!provide]                        PROVIDE (__fini_array_start = .)
 *(SORT_BY_NAME(.fini_array.*))
 *(.fini_array*)
 .fini_array    0x000000000801e584        0x4 C:/ST/STM32CubeIDE_1.13.0/STM32CubeIDE/plugins/com.st.stm32cube.ide.mcu.externaltools.gnu-tools-for-stm32.11.3.rel1.win32_1.1.0.202305231506/tools/bin/../lib/gcc/arm-none-eabi/11.3.1/thumb/v7e-m+fp/hard/crtbegin.o
                [!provide]                        PROVIDE (__fini_array_end = .)
                0x000000000801e588                . = ALIGN (0x4)
                0x000000000801e588                _sidata = LOADADDR (.data)

.data           0x0000000020000000       0xac load address 0x000000000801e588
                0x0000000020000000                . = ALIGN (0x4)
                0x0000000020000000                _sdata = .
 *(.data)
 *(.data*)
 .data.SystemCoreClock
                0x0000000020000000        0x4 ./Core/Src/system_stm32g4xx.o
                0x0000000020000000                SystemCoreClock
 .data.VL53L7CX_RANGING_SENSOR_Driver
                0x0000000020000004       0x38 ./Drivers/BSP/Components/vl53l7cx/vl53l7cx.o
                0x0000000020000004                VL53L7CX_RANGING_SENSOR_Driver
 .data.hpb_exti
                0x000000002000003c        0x8 ./Drivers/BSP/STM32G4xx_Nucleo/stm32g4xx_nucleo.o
                0x000000002000003c                hpb_exti
 .data.COM_USART
                0x0000000020000044        0x4 ./Drivers/BSP/STM32G4xx_Nucleo/stm32g4xx_nucleo.o
                0x0000000020000044                COM_USART
 .data.uwTickPrio
                0x0000000020000048        0x4 ./Drivers/STM32G4xx_HAL_Driver/Src/stm32g4xx_hal.o
                0x0000000020000048                uwTickPrio
 .data.uwTickFreq
                0x000000002000004c        0x4 ./Drivers/STM32G4xx_HAL_Driver/Src/stm32g4xx_hal.o
                0x000000002000004c                uwTickFreq
 .data.__sglue  0x0000000020000050        0xc C:/ST/STM32CubeIDE_1.13.0/STM32CubeIDE/plugins/com.st.stm32cube.ide.mcu.externaltools.gnu-tools-for-stm32.11.3.rel1.win32_1.1.0.202305231506/tools/bin/../lib/gcc/arm-none-eabi/11.3.1/../../../../arm-none-eabi/lib/thumb/v7e-m+fp/hard\libc_nano.a(libc_a-findfp.o)
                0x0000000020000050                __sglue
 .data._impure_data
                0x000000002000005c       0x4c C:/ST/STM32CubeIDE_1.13.0/STM32CubeIDE/plugins/com.st.stm32cube.ide.mcu.externaltools.gnu-tools-for-stm32.11.3.rel1.win32_1.1.0.202305231506/tools/bin/../lib/gcc/arm-none-eabi/11.3.1/../../../../arm-none-eabi/lib/thumb/v7e-m+fp/hard\libc_nano.a(libc_a-impure.o)
                0x000000002000005c                _impure_data
 .data._impure_ptr
                0x00000000200000a8        0x4 C:/ST/STM32CubeIDE_1.13.0/STM32CubeIDE/plugins/com.st.stm32cube.ide.mcu.externaltools.gnu-tools-for-stm32.11.3.rel1.win32_1.1.0.202305231506/tools/bin/../lib/gcc/arm-none-eabi/11.3.1/../../../../arm-none-eabi/lib/thumb/v7e-m+fp/hard\libc_nano.a(libc_a-impure.o)
                0x00000000200000a8                _impure_ptr
 *(.RamFunc)
 *(.RamFunc*)
                0x00000000200000ac                . = ALIGN (0x4)
                0x00000000200000ac                _edata = .

.igot.plt       0x00000000200000ac        0x0 load address 0x000000000801e634
 .igot.plt      0x00000000200000ac        0x0 C:/ST/STM32CubeIDE_1.13.0/STM32CubeIDE/plugins/com.st.stm32cube.ide.mcu.externaltools.gnu-tools-for-stm32.11.3.rel1.win32_1.1.0.202305231506/tools/bin/../lib/gcc/arm-none-eabi/11.3.1/thumb/v7e-m+fp/hard/crtbegin.o
                0x00000000200000ac                . = ALIGN (0x4)

.bss            0x00000000200000ac     0x2a7c load address 0x000000000801e634
                0x00000000200000ac                _sbss = .
                0x00000000200000ac                __bss_start__ = _sbss
 *(.bss)
 .bss           0x00000000200000ac       0x1c C:/ST/STM32CubeIDE_1.13.0/STM32CubeIDE/plugins/com.st.stm32cube.ide.mcu.externaltools.gnu-tools-for-stm32.11.3.rel1.win32_1.1.0.202305231506/tools/bin/../lib/gcc/arm-none-eabi/11.3.1/thumb/v7e-m+fp/hard/crtbegin.o
 *(.bss*)
 .bss.hi2c1     0x00000000200000c8       0x4c ./Core/Src/stm32g4xx_nucleo_bus.o
                0x00000000200000c8                hi2c1
 .bss.I2C1InitCounter
                0x0000000020000114        0x4 ./Core/Src/stm32g4xx_nucleo_bus.o
 .bss.__sbrk_heap_end
                0x0000000020000118        0x4 ./Core/Src/sysmem.o
 .bss.VL53L7A1_RANGING_SENSOR_CompObj
                0x000000002000011c        0xc ./Drivers/BSP/53L7A1/53l7a1_ranging_sensor.o
                0x000000002000011c                VL53L7A1_RANGING_SENSOR_CompObj
 .bss.VL53L7A1_RANGING_SENSOR_Drv
                0x0000000020000128        0x4 ./Drivers/BSP/53L7A1/53l7a1_ranging_sensor.o
 .bss.VL53L7A1_RANGING_SENSOR_Cap
                0x000000002000012c       0x10 ./Drivers/BSP/53L7A1/53l7a1_ranging_sensor.o
 .bss.VL53L7CXObj.0
                0x000000002000013c     0x1c08 ./Drivers/BSP/53L7A1/53l7a1_ranging_sensor.o
 .bss.thresholds.1
                0x0000000020001d44      0x300 ./Drivers/BSP/Components/vl53l7cx/vl53l7cx.o
 .bss.data.0    0x0000000020002044      0x3d0 ./Drivers/BSP/Components/vl53l7cx/vl53l7cx.o
 .bss.hcom_uart
                0x0000000020002414       0x90 ./Drivers/BSP/STM32G4xx_Nucleo/stm32g4xx_nucleo.o
                0x0000000020002414                hcom_uart
 .bss.COM_ActiveLogPort
                0x00000000200024a4        0x1 ./Drivers/BSP/STM32G4xx_Nucleo/stm32g4xx_nucleo.o
 *fill*         0x00000000200024a5        0x3 
 .bss.uwTick    0x00000000200024a8        0x4 ./Drivers/STM32G4xx_HAL_Driver/Src/stm32g4xx_hal.o
                0x00000000200024a8                uwTick
 .bss.Cap       0x00000000200024ac       0x10 ./TOF/App/app_tof.o
 .bss.Profile   0x00000000200024bc       0x14 ./TOF/App/app_tof.o
 .bss.Result    0x00000000200024d0      0x504 ./TOF/App/app_tof.o
 .bss.status    0x00000000200029d4        0x4 ./TOF/App/app_tof.o
 .bss.PushButtonDetected
                0x00000000200029d8        0x1 ./TOF/App/app_tof.o
 .bss.ToF_EventDetected
                0x00000000200029d9        0x1 ./TOF/App/app_tof.o
                0x00000000200029d9                ToF_EventDetected
 *fill*         0x00000000200029da        0x2 
 .bss.__sf      0x00000000200029dc      0x138 C:/ST/STM32CubeIDE_1.13.0/STM32CubeIDE/plugins/com.st.stm32cube.ide.mcu.externaltools.gnu-tools-for-stm32.11.3.rel1.win32_1.1.0.202305231506/tools/bin/../lib/gcc/arm-none-eabi/11.3.1/../../../../arm-none-eabi/lib/thumb/v7e-m+fp/hard\libc_nano.a(libc_a-findfp.o)
                0x00000000200029dc                __sf
 .bss.__stdio_exit_handler
                0x0000000020002b14        0x4 C:/ST/STM32CubeIDE_1.13.0/STM32CubeIDE/plugins/com.st.stm32cube.ide.mcu.externaltools.gnu-tools-for-stm32.11.3.rel1.win32_1.1.0.202305231506/tools/bin/../lib/gcc/arm-none-eabi/11.3.1/../../../../arm-none-eabi/lib/thumb/v7e-m+fp/hard\libc_nano.a(libc_a-findfp.o)
                0x0000000020002b14                __stdio_exit_handler
 .bss.errno     0x0000000020002b18        0x4 C:/ST/STM32CubeIDE_1.13.0/STM32CubeIDE/plugins/com.st.stm32cube.ide.mcu.externaltools.gnu-tools-for-stm32.11.3.rel1.win32_1.1.0.202305231506/tools/bin/../lib/gcc/arm-none-eabi/11.3.1/../../../../arm-none-eabi/lib/thumb/v7e-m+fp/hard\libc_nano.a(libc_a-reent.o)
                0x0000000020002b18                errno
 .bss.__lock___malloc_recursive_mutex
                0x0000000020002b1c        0x1 C:/ST/STM32CubeIDE_1.13.0/STM32CubeIDE/plugins/com.st.stm32cube.ide.mcu.externaltools.gnu-tools-for-stm32.11.3.rel1.win32_1.1.0.202305231506/tools/bin/../lib/gcc/arm-none-eabi/11.3.1/../../../../arm-none-eabi/lib/thumb/v7e-m+fp/hard\libc_nano.a(libc_a-lock.o)
                0x0000000020002b1c                __lock___malloc_recursive_mutex
 .bss.__lock___sfp_recursive_mutex
                0x0000000020002b1d        0x1 C:/ST/STM32CubeIDE_1.13.0/STM32CubeIDE/plugins/com.st.stm32cube.ide.mcu.externaltools.gnu-tools-for-stm32.11.3.rel1.win32_1.1.0.202305231506/tools/bin/../lib/gcc/arm-none-eabi/11.3.1/../../../../arm-none-eabi/lib/thumb/v7e-m+fp/hard\libc_nano.a(libc_a-lock.o)
                0x0000000020002b1d                __lock___sfp_recursive_mutex
 *fill*         0x0000000020002b1e        0x2 
 .bss.__malloc_free_list
                0x0000000020002b20        0x4 C:/ST/STM32CubeIDE_1.13.0/STM32CubeIDE/plugins/com.st.stm32cube.ide.mcu.externaltools.gnu-tools-for-stm32.11.3.rel1.win32_1.1.0.202305231506/tools/bin/../lib/gcc/arm-none-eabi/11.3.1/../../../../arm-none-eabi/lib/thumb/v7e-m+fp/hard\libc_nano.a(libc_a-mallocr.o)
                0x0000000020002b20                __malloc_free_list
 .bss.__malloc_sbrk_start
                0x0000000020002b24        0x4 C:/ST/STM32CubeIDE_1.13.0/STM32CubeIDE/plugins/com.st.stm32cube.ide.mcu.externaltools.gnu-tools-for-stm32.11.3.rel1.win32_1.1.0.202305231506/tools/bin/../lib/gcc/arm-none-eabi/11.3.1/../../../../arm-none-eabi/lib/thumb/v7e-m+fp/hard\libc_nano.a(libc_a-mallocr.o)
                0x0000000020002b24                __malloc_sbrk_start
 *(COMMON)
                0x0000000020002b28                . = ALIGN (0x4)
                0x0000000020002b28                _ebss = .
                0x0000000020002b28                __bss_end__ = _ebss

._user_heap_stack
                0x0000000020002b28      0x600 load address 0x000000000801e634
                0x0000000020002b28                . = ALIGN (0x8)
                [!provide]                        PROVIDE (end = .)
                0x0000000020002b28                PROVIDE (_end = .)
                0x0000000020002d28                . = (. + _Min_Heap_Size)
 *fill*         0x0000000020002b28      0x200 
                0x0000000020003128                . = (. + _Min_Stack_Size)
 *fill*         0x0000000020002d28      0x400 
                0x0000000020003128                . = ALIGN (0x8)

/DISCARD/
 libc.a(*)
 libm.a(*)
 libgcc.a(*)

.ARM.attributes
                0x0000000000000000       0x30
 *(.ARM.attributes)
 .ARM.attributes
                0x0000000000000000       0x1e C:/ST/STM32CubeIDE_1.13.0/STM32CubeIDE/plugins/com.st.stm32cube.ide.mcu.externaltools.gnu-tools-for-stm32.11.3.rel1.win32_1.1.0.202305231506/tools/bin/../lib/gcc/arm-none-eabi/11.3.1/thumb/v7e-m+fp/hard/crti.o
 .ARM.attributes
                0x000000000000001e       0x34 C:/ST/STM32CubeIDE_1.13.0/STM32CubeIDE/plugins/com.st.stm32cube.ide.mcu.externaltools.gnu-tools-for-stm32.11.3.rel1.win32_1.1.0.202305231506/tools/bin/../lib/gcc/arm-none-eabi/11.3.1/thumb/v7e-m+fp/hard/crtbegin.o
 .ARM.attributes
                0x0000000000000052       0x34 ./Core/Src/main.o
 .ARM.attributes
                0x0000000000000086       0x34 ./Core/Src/stm32g4xx_hal_msp.o
 .ARM.attributes
                0x00000000000000ba       0x34 ./Core/Src/stm32g4xx_it.o
 .ARM.attributes
                0x00000000000000ee       0x34 ./Core/Src/stm32g4xx_nucleo_bus.o
 .ARM.attributes
                0x0000000000000122       0x34 ./Core/Src/syscalls.o
 .ARM.attributes
                0x0000000000000156       0x34 ./Core/Src/sysmem.o
 .ARM.attributes
                0x000000000000018a       0x34 ./Core/Src/system_stm32g4xx.o
 .ARM.attributes
                0x00000000000001be       0x21 ./Core/Startup/startup_stm32g474retx.o
 .ARM.attributes
                0x00000000000001df       0x34 ./Drivers/BSP/53L7A1/53l7a1_ranging_sensor.o
 .ARM.attributes
                0x0000000000000213       0x34 ./Drivers/BSP/Components/vl53l7cx/modules/vl53l7cx_api.o
 .ARM.attributes
                0x0000000000000247       0x34 ./Drivers/BSP/Components/vl53l7cx/modules/vl53l7cx_plugin_detection_thresholds.o
 .ARM.attributes
                0x000000000000027b       0x34 ./Drivers/BSP/Components/vl53l7cx/porting/platform.o
 .ARM.attributes
                0x00000000000002af       0x34 ./Drivers/BSP/Components/vl53l7cx/vl53l7cx.o
 .ARM.attributes
                0x00000000000002e3       0x34 ./Drivers/BSP/STM32G4xx_Nucleo/stm32g4xx_nucleo.o
 .ARM.attributes
                0x0000000000000317       0x34 ./Drivers/STM32G4xx_HAL_Driver/Src/stm32g4xx_hal.o
 .ARM.attributes
                0x000000000000034b       0x34 ./Drivers/STM32G4xx_HAL_Driver/Src/stm32g4xx_hal_cortex.o
 .ARM.attributes
                0x000000000000037f       0x34 ./Drivers/STM32G4xx_HAL_Driver/Src/stm32g4xx_hal_exti.o
 .ARM.attributes
                0x00000000000003b3       0x34 ./Drivers/STM32G4xx_HAL_Driver/Src/stm32g4xx_hal_gpio.o
 .ARM.attributes
                0x00000000000003e7       0x34 ./Drivers/STM32G4xx_HAL_Driver/Src/stm32g4xx_hal_i2c.o
 .ARM.attributes
                0x000000000000041b       0x34 ./Drivers/STM32G4xx_HAL_Driver/Src/stm32g4xx_hal_i2c_ex.o
 .ARM.attributes
                0x000000000000044f       0x34 ./Drivers/STM32G4xx_HAL_Driver/Src/stm32g4xx_hal_pwr_ex.o
 .ARM.attributes
                0x0000000000000483       0x34 ./Drivers/STM32G4xx_HAL_Driver/Src/stm32g4xx_hal_rcc.o
 .ARM.attributes
                0x00000000000004b7       0x34 ./Drivers/STM32G4xx_HAL_Driver/Src/stm32g4xx_hal_rcc_ex.o
 .ARM.attributes
                0x00000000000004eb       0x34 ./Drivers/STM32G4xx_HAL_Driver/Src/stm32g4xx_hal_uart.o
 .ARM.attributes
                0x000000000000051f       0x34 ./Drivers/STM32G4xx_HAL_Driver/Src/stm32g4xx_hal_uart_ex.o
 .ARM.attributes
                0x0000000000000553       0x34 ./TOF/App/app_tof.o
 .ARM.attributes
                0x0000000000000587       0x34 ./TOF/Target/app_tof_pin_conf.o
 .ARM.attributes
                0x00000000000005bb       0x34 C:/ST/STM32CubeIDE_1.13.0/STM32CubeIDE/plugins/com.st.stm32cube.ide.mcu.externaltools.gnu-tools-for-stm32.11.3.rel1.win32_1.1.0.202305231506/tools/bin/../lib/gcc/arm-none-eabi/11.3.1/../../../../arm-none-eabi/lib/thumb/v7e-m+fp/hard\libc_nano.a(libc_a-findfp.o)
 .ARM.attributes
                0x00000000000005ef       0x34 C:/ST/STM32CubeIDE_1.13.0/STM32CubeIDE/plugins/com.st.stm32cube.ide.mcu.externaltools.gnu-tools-for-stm32.11.3.rel1.win32_1.1.0.202305231506/tools/bin/../lib/gcc/arm-none-eabi/11.3.1/../../../../arm-none-eabi/lib/thumb/v7e-m+fp/hard\libc_nano.a(libc_a-fwalk.o)
 .ARM.attributes
                0x0000000000000623       0x34 C:/ST/STM32CubeIDE_1.13.0/STM32CubeIDE/plugins/com.st.stm32cube.ide.mcu.externaltools.gnu-tools-for-stm32.11.3.rel1.win32_1.1.0.202305231506/tools/bin/../lib/gcc/arm-none-eabi/11.3.1/../../../../arm-none-eabi/lib/thumb/v7e-m+fp/hard\libc_nano.a(libc_a-printf.o)
 .ARM.attributes
                0x0000000000000657       0x34 C:/ST/STM32CubeIDE_1.13.0/STM32CubeIDE/plugins/com.st.stm32cube.ide.mcu.externaltools.gnu-tools-for-stm32.11.3.rel1.win32_1.1.0.202305231506/tools/bin/../lib/gcc/arm-none-eabi/11.3.1/../../../../arm-none-eabi/lib/thumb/v7e-m+fp/hard\libc_nano.a(libc_a-putchar.o)
 .ARM.attributes
                0x000000000000068b       0x34 C:/ST/STM32CubeIDE_1.13.0/STM32CubeIDE/plugins/com.st.stm32cube.ide.mcu.externaltools.gnu-tools-for-stm32.11.3.rel1.win32_1.1.0.202305231506/tools/bin/../lib/gcc/arm-none-eabi/11.3.1/../../../../arm-none-eabi/lib/thumb/v7e-m+fp/hard\libc_nano.a(libc_a-puts.o)
 .ARM.attributes
                0x00000000000006bf       0x34 C:/ST/STM32CubeIDE_1.13.0/STM32CubeIDE/plugins/com.st.stm32cube.ide.mcu.externaltools.gnu-tools-for-stm32.11.3.rel1.win32_1.1.0.202305231506/tools/bin/../lib/gcc/arm-none-eabi/11.3.1/../../../../arm-none-eabi/lib/thumb/v7e-m+fp/hard\libc_nano.a(libc_a-stdio.o)
 .ARM.attributes
                0x00000000000006f3       0x34 C:/ST/STM32CubeIDE_1.13.0/STM32CubeIDE/plugins/com.st.stm32cube.ide.mcu.externaltools.gnu-tools-for-stm32.11.3.rel1.win32_1.1.0.202305231506/tools/bin/../lib/gcc/arm-none-eabi/11.3.1/../../../../arm-none-eabi/lib/thumb/v7e-m+fp/hard\libc_nano.a(libc_a-wbuf.o)
 .ARM.attributes
                0x0000000000000727       0x34 C:/ST/STM32CubeIDE_1.13.0/STM32CubeIDE/plugins/com.st.stm32cube.ide.mcu.externaltools.gnu-tools-for-stm32.11.3.rel1.win32_1.1.0.202305231506/tools/bin/../lib/gcc/arm-none-eabi/11.3.1/../../../../arm-none-eabi/lib/thumb/v7e-m+fp/hard\libc_nano.a(libc_a-wsetup.o)
 .ARM.attributes
                0x000000000000075b       0x34 C:/ST/STM32CubeIDE_1.13.0/STM32CubeIDE/plugins/com.st.stm32cube.ide.mcu.externaltools.gnu-tools-for-stm32.11.3.rel1.win32_1.1.0.202305231506/tools/bin/../lib/gcc/arm-none-eabi/11.3.1/../../../../arm-none-eabi/lib/thumb/v7e-m+fp/hard\libc_nano.a(libc_a-memset.o)
 .ARM.attributes
                0x000000000000078f       0x34 C:/ST/STM32CubeIDE_1.13.0/STM32CubeIDE/plugins/com.st.stm32cube.ide.mcu.externaltools.gnu-tools-for-stm32.11.3.rel1.win32_1.1.0.202305231506/tools/bin/../lib/gcc/arm-none-eabi/11.3.1/../../../../arm-none-eabi/lib/thumb/v7e-m+fp/hard\libc_nano.a(libc_a-closer.o)
 .ARM.attributes
                0x00000000000007c3       0x34 C:/ST/STM32CubeIDE_1.13.0/STM32CubeIDE/plugins/com.st.stm32cube.ide.mcu.externaltools.gnu-tools-for-stm32.11.3.rel1.win32_1.1.0.202305231506/tools/bin/../lib/gcc/arm-none-eabi/11.3.1/../../../../arm-none-eabi/lib/thumb/v7e-m+fp/hard\libc_nano.a(libc_a-reent.o)
 .ARM.attributes
                0x00000000000007f7       0x34 C:/ST/STM32CubeIDE_1.13.0/STM32CubeIDE/plugins/com.st.stm32cube.ide.mcu.externaltools.gnu-tools-for-stm32.11.3.rel1.win32_1.1.0.202305231506/tools/bin/../lib/gcc/arm-none-eabi/11.3.1/../../../../arm-none-eabi/lib/thumb/v7e-m+fp/hard\libc_nano.a(libc_a-impure.o)
 .ARM.attributes
                0x000000000000082b       0x34 C:/ST/STM32CubeIDE_1.13.0/STM32CubeIDE/plugins/com.st.stm32cube.ide.mcu.externaltools.gnu-tools-for-stm32.11.3.rel1.win32_1.1.0.202305231506/tools/bin/../lib/gcc/arm-none-eabi/11.3.1/../../../../arm-none-eabi/lib/thumb/v7e-m+fp/hard\libc_nano.a(libc_a-lseekr.o)
 .ARM.attributes
                0x000000000000085f       0x34 C:/ST/STM32CubeIDE_1.13.0/STM32CubeIDE/plugins/com.st.stm32cube.ide.mcu.externaltools.gnu-tools-for-stm32.11.3.rel1.win32_1.1.0.202305231506/tools/bin/../lib/gcc/arm-none-eabi/11.3.1/../../../../arm-none-eabi/lib/thumb/v7e-m+fp/hard\libc_nano.a(libc_a-readr.o)
 .ARM.attributes
                0x0000000000000893       0x34 C:/ST/STM32CubeIDE_1.13.0/STM32CubeIDE/plugins/com.st.stm32cube.ide.mcu.externaltools.gnu-tools-for-stm32.11.3.rel1.win32_1.1.0.202305231506/tools/bin/../lib/gcc/arm-none-eabi/11.3.1/../../../../arm-none-eabi/lib/thumb/v7e-m+fp/hard\libc_nano.a(libc_a-writer.o)
 .ARM.attributes
                0x00000000000008c7       0x34 C:/ST/STM32CubeIDE_1.13.0/STM32CubeIDE/plugins/com.st.stm32cube.ide.mcu.externaltools.gnu-tools-for-stm32.11.3.rel1.win32_1.1.0.202305231506/tools/bin/../lib/gcc/arm-none-eabi/11.3.1/../../../../arm-none-eabi/lib/thumb/v7e-m+fp/hard\libc_nano.a(libc_a-errno.o)
 .ARM.attributes
                0x00000000000008fb       0x34 C:/ST/STM32CubeIDE_1.13.0/STM32CubeIDE/plugins/com.st.stm32cube.ide.mcu.externaltools.gnu-tools-for-stm32.11.3.rel1.win32_1.1.0.202305231506/tools/bin/../lib/gcc/arm-none-eabi/11.3.1/../../../../arm-none-eabi/lib/thumb/v7e-m+fp/hard\libc_nano.a(libc_a-init.o)
 .ARM.attributes
                0x000000000000092f       0x34 C:/ST/STM32CubeIDE_1.13.0/STM32CubeIDE/plugins/com.st.stm32cube.ide.mcu.externaltools.gnu-tools-for-stm32.11.3.rel1.win32_1.1.0.202305231506/tools/bin/../lib/gcc/arm-none-eabi/11.3.1/../../../../arm-none-eabi/lib/thumb/v7e-m+fp/hard\libc_nano.a(libc_a-lock.o)
 .ARM.attributes
                0x0000000000000963       0x34 C:/ST/STM32CubeIDE_1.13.0/STM32CubeIDE/plugins/com.st.stm32cube.ide.mcu.externaltools.gnu-tools-for-stm32.11.3.rel1.win32_1.1.0.202305231506/tools/bin/../lib/gcc/arm-none-eabi/11.3.1/../../../../arm-none-eabi/lib/thumb/v7e-m+fp/hard\libc_nano.a(libc_a-memcpy-stub.o)
 .ARM.attributes
                0x0000000000000997       0x34 C:/ST/STM32CubeIDE_1.13.0/STM32CubeIDE/plugins/com.st.stm32cube.ide.mcu.externaltools.gnu-tools-for-stm32.11.3.rel1.win32_1.1.0.202305231506/tools/bin/../lib/gcc/arm-none-eabi/11.3.1/../../../../arm-none-eabi/lib/thumb/v7e-m+fp/hard\libc_nano.a(libc_a-freer.o)
 .ARM.attributes
                0x00000000000009cb       0x34 C:/ST/STM32CubeIDE_1.13.0/STM32CubeIDE/plugins/com.st.stm32cube.ide.mcu.externaltools.gnu-tools-for-stm32.11.3.rel1.win32_1.1.0.202305231506/tools/bin/../lib/gcc/arm-none-eabi/11.3.1/../../../../arm-none-eabi/lib/thumb/v7e-m+fp/hard\libc_nano.a(libc_a-mallocr.o)
 .ARM.attributes
                0x00000000000009ff       0x34 C:/ST/STM32CubeIDE_1.13.0/STM32CubeIDE/plugins/com.st.stm32cube.ide.mcu.externaltools.gnu-tools-for-stm32.11.3.rel1.win32_1.1.0.202305231506/tools/bin/../lib/gcc/arm-none-eabi/11.3.1/../../../../arm-none-eabi/lib/thumb/v7e-m+fp/hard\libc_nano.a(libc_a-mlock.o)
 .ARM.attributes
                0x0000000000000a33       0x34 C:/ST/STM32CubeIDE_1.13.0/STM32CubeIDE/plugins/com.st.stm32cube.ide.mcu.externaltools.gnu-tools-for-stm32.11.3.rel1.win32_1.1.0.202305231506/tools/bin/../lib/gcc/arm-none-eabi/11.3.1/../../../../arm-none-eabi/lib/thumb/v7e-m+fp/hard\libc_nano.a(libc_a-nano-vfprintf.o)
 .ARM.attributes
                0x0000000000000a67       0x34 C:/ST/STM32CubeIDE_1.13.0/STM32CubeIDE/plugins/com.st.stm32cube.ide.mcu.externaltools.gnu-tools-for-stm32.11.3.rel1.win32_1.1.0.202305231506/tools/bin/../lib/gcc/arm-none-eabi/11.3.1/../../../../arm-none-eabi/lib/thumb/v7e-m+fp/hard\libc_nano.a(libc_a-nano-vfprintf_i.o)
 .ARM.attributes
                0x0000000000000a9b       0x34 C:/ST/STM32CubeIDE_1.13.0/STM32CubeIDE/plugins/com.st.stm32cube.ide.mcu.externaltools.gnu-tools-for-stm32.11.3.rel1.win32_1.1.0.202305231506/tools/bin/../lib/gcc/arm-none-eabi/11.3.1/../../../../arm-none-eabi/lib/thumb/v7e-m+fp/hard\libc_nano.a(libc_a-fflush.o)
 .ARM.attributes
                0x0000000000000acf       0x34 C:/ST/STM32CubeIDE_1.13.0/STM32CubeIDE/plugins/com.st.stm32cube.ide.mcu.externaltools.gnu-tools-for-stm32.11.3.rel1.win32_1.1.0.202305231506/tools/bin/../lib/gcc/arm-none-eabi/11.3.1/../../../../arm-none-eabi/lib/thumb/v7e-m+fp/hard\libc_nano.a(libc_a-makebuf.o)
 .ARM.attributes
                0x0000000000000b03       0x34 C:/ST/STM32CubeIDE_1.13.0/STM32CubeIDE/plugins/com.st.stm32cube.ide.mcu.externaltools.gnu-tools-for-stm32.11.3.rel1.win32_1.1.0.202305231506/tools/bin/../lib/gcc/arm-none-eabi/11.3.1/../../../../arm-none-eabi/lib/thumb/v7e-m+fp/hard\libc_nano.a(libc_a-putc.o)
 .ARM.attributes
                0x0000000000000b37       0x34 C:/ST/STM32CubeIDE_1.13.0/STM32CubeIDE/plugins/com.st.stm32cube.ide.mcu.externaltools.gnu-tools-for-stm32.11.3.rel1.win32_1.1.0.202305231506/tools/bin/../lib/gcc/arm-none-eabi/11.3.1/../../../../arm-none-eabi/lib/thumb/v7e-m+fp/hard\libc_nano.a(libc_a-fstatr.o)
 .ARM.attributes
                0x0000000000000b6b       0x34 C:/ST/STM32CubeIDE_1.13.0/STM32CubeIDE/plugins/com.st.stm32cube.ide.mcu.externaltools.gnu-tools-for-stm32.11.3.rel1.win32_1.1.0.202305231506/tools/bin/../lib/gcc/arm-none-eabi/11.3.1/../../../../arm-none-eabi/lib/thumb/v7e-m+fp/hard\libc_nano.a(libc_a-isattyr.o)
 .ARM.attributes
                0x0000000000000b9f       0x34 C:/ST/STM32CubeIDE_1.13.0/STM32CubeIDE/plugins/com.st.stm32cube.ide.mcu.externaltools.gnu-tools-for-stm32.11.3.rel1.win32_1.1.0.202305231506/tools/bin/../lib/gcc/arm-none-eabi/11.3.1/../../../../arm-none-eabi/lib/thumb/v7e-m+fp/hard\libc_nano.a(libc_a-sbrkr.o)
 .ARM.attributes
                0x0000000000000bd3       0x1c C:/ST/STM32CubeIDE_1.13.0/STM32CubeIDE/plugins/com.st.stm32cube.ide.mcu.externaltools.gnu-tools-for-stm32.11.3.rel1.win32_1.1.0.202305231506/tools/bin/../lib/gcc/arm-none-eabi/11.3.1/../../../../arm-none-eabi/lib/thumb/v7e-m+fp/hard\libc_nano.a(libc_a-memchr.o)
 .ARM.attributes
                0x0000000000000bef       0x1e C:/ST/STM32CubeIDE_1.13.0/STM32CubeIDE/plugins/com.st.stm32cube.ide.mcu.externaltools.gnu-tools-for-stm32.11.3.rel1.win32_1.1.0.202305231506/tools/bin/../lib/gcc/arm-none-eabi/11.3.1/thumb/v7e-m+fp/hard\libgcc.a(_aeabi_uldivmod.o)
 .ARM.attributes
                0x0000000000000c0d       0x34 C:/ST/STM32CubeIDE_1.13.0/STM32CubeIDE/plugins/com.st.stm32cube.ide.mcu.externaltools.gnu-tools-for-stm32.11.3.rel1.win32_1.1.0.202305231506/tools/bin/../lib/gcc/arm-none-eabi/11.3.1/thumb/v7e-m+fp/hard\libgcc.a(_udivmoddi4.o)
 .ARM.attributes
                0x0000000000000c41       0x1e C:/ST/STM32CubeIDE_1.13.0/STM32CubeIDE/plugins/com.st.stm32cube.ide.mcu.externaltools.gnu-tools-for-stm32.11.3.rel1.win32_1.1.0.202305231506/tools/bin/../lib/gcc/arm-none-eabi/11.3.1/thumb/v7e-m+fp/hard\libgcc.a(_dvmd_tls.o)
 .ARM.attributes
                0x0000000000000c5f       0x1e C:/ST/STM32CubeIDE_1.13.0/STM32CubeIDE/plugins/com.st.stm32cube.ide.mcu.externaltools.gnu-tools-for-stm32.11.3.rel1.win32_1.1.0.202305231506/tools/bin/../lib/gcc/arm-none-eabi/11.3.1/thumb/v7e-m+fp/hard/crtn.o
OUTPUT(TOF.elf elf32-littlearm)
LOAD linker stubs