../TOF/App/app_tof.c:62:6:MX_TOF_Init	8	static
../TOF/App/app_tof.c:84:6:MX_TOF_Process	8	static
../TOF/App/app_tof.c:97:13:MX_53L7A1_SimpleRanging_Init	8	static
../TOF/App/app_tof.c:115:13:MX_53L7A1_SimpleRanging_Process	16	static
../TOF/App/app_tof.c:159:13:print_result_simplified	24	static
../TOF/App/app_tof.c:185:13:print_result	32	static
../TOF/App/app_tof.c:264:13:toggle_resolution	8	static
../TOF/App/app_tof.c:294:13:toggle_signal_and_ambient	8	static
../TOF/App/app_tof.c:305:13:clear_screen	8	static
../TOF/App/app_tof.c:310:13:display_commands_banner	8	static
../TOF/App/app_tof.c:325:13:handle_cmd	16	static
../TOF/App/app_tof.c:348:16:get_key	16	static
../TOF/App/app_tof.c:357:17:com_has_data	4	static
../TOF/App/app_tof.c:362:6:BSP_PB_Callback	16	static
