../Drivers/BSP/Components/vl53l7cx/vl53l7cx.c:91:9:VL53L7CX_RegisterBusIO	24	static
../Drivers/BSP/Components/vl53l7cx/vl53l7cx.c:132:9:VL53L7CX_Init	24	static
../Drivers/BSP/Components/vl53l7cx/vl53l7cx.c:167:9:VL53L7CX_DeInit	24	static
../Drivers/BSP/Components/vl53l7cx/vl53l7cx.c:203:9:VL53L7CX_ReadID	24	static
../Drivers/BSP/Components/vl53l7cx/vl53l7cx.c:242:9:VL53L7CX_GetCapabilities	24	static
../Drivers/BSP/Components/vl53l7cx/vl53l7cx.c:269:9:VL53L7CX_ConfigProfile	32	static
../Drivers/BSP/Components/vl53l7cx/vl53l7cx.c:353:9:VL53L7CX_ConfigROI	16	static
../Drivers/BSP/Components/vl53l7cx/vl53l7cx.c:366:9:VL53L7CX_ConfigIT	24	static
../Drivers/BSP/Components/vl53l7cx/vl53l7cx.c:420:9:VL53L7CX_GetDistance	24	static
../Drivers/BSP/Components/vl53l7cx/vl53l7cx.c:460:9:VL53L7CX_Start	24	static
../Drivers/BSP/Components/vl53l7cx/vl53l7cx.c:514:9:VL53L7CX_Stop	24	static
../Drivers/BSP/Components/vl53l7cx/vl53l7cx.c:546:9:VL53L7CX_SetAddress	24	static
../Drivers/BSP/Components/vl53l7cx/vl53l7cx.c:573:9:VL53L7CX_GetAddress	24	static
../Drivers/BSP/Components/vl53l7cx/vl53l7cx.c:596:9:VL53L7CX_SetPowerMode	24	static
../Drivers/BSP/Components/vl53l7cx/vl53l7cx.c:627:9:VL53L7CX_GetPowerMode	24	static
../Drivers/BSP/Components/vl53l7cx/vl53l7cx.c:658:9:VL53L7CX_XTalkCalibration	24	static
../Drivers/BSP/Components/vl53l7cx/vl53l7cx.c:682:16:vl53l7cx_poll_for_measurement	32	static
../Drivers/BSP/Components/vl53l7cx/vl53l7cx.c:713:16:vl53l7cx_get_result	32	static
../Drivers/BSP/Components/vl53l7cx/vl53l7cx.c:778:16:vl53l7cx_map_target_status	24	static
